Archive member included to satisfy reference by file (symbol)

c:/siliconlabs/simplicitystudio/v5/developer/toolchains/gnu_arm/12.2.rel1_2023.7/bin/../lib/gcc/arm-none-eabi/12.2.1/thumb/v8-m.main+fp/hard\libgcc.a(_aeabi_ldivmod.o)
                              ./simplicity_sdk_2025.6.1/platform/emlib/src/em_eusart.o (__aeabi_ldivmod)
c:/siliconlabs/simplicitystudio/v5/developer/toolchains/gnu_arm/12.2.rel1_2023.7/bin/../lib/gcc/arm-none-eabi/12.2.1/thumb/v8-m.main+fp/hard\libgcc.a(_aeabi_uldivmod.o)
                              ./simplicity_sdk_2025.6.1/platform/emlib/src/em_eusart.o (__aeabi_uldivmod)
c:/siliconlabs/simplicitystudio/v5/developer/toolchains/gnu_arm/12.2.rel1_2023.7/bin/../lib/gcc/arm-none-eabi/12.2.1/thumb/v8-m.main+fp/hard\libgcc.a(_udivmoddi4.o)
                              c:/siliconlabs/simplicitystudio/v5/developer/toolchains/gnu_arm/12.2.rel1_2023.7/bin/../lib/gcc/arm-none-eabi/12.2.1/thumb/v8-m.main+fp/hard\libgcc.a(_aeabi_ldivmod.o) (__udivmoddi4)
c:/siliconlabs/simplicitystudio/v5/developer/toolchains/gnu_arm/12.2.rel1_2023.7/bin/../lib/gcc/arm-none-eabi/12.2.1/thumb/v8-m.main+fp/hard\libgcc.a(_dvmd_tls.o)
                              c:/siliconlabs/simplicitystudio/v5/developer/toolchains/gnu_arm/12.2.rel1_2023.7/bin/../lib/gcc/arm-none-eabi/12.2.1/thumb/v8-m.main+fp/hard\libgcc.a(_aeabi_ldivmod.o) (__aeabi_ldiv0)
c:/siliconlabs/simplicitystudio/v5/developer/toolchains/gnu_arm/12.2.rel1_2023.7/bin/../lib/gcc/arm-none-eabi/12.2.1/thumb/v8-m.main+fp/hard\libc_nano.a(libc_a-exit.o)
                              c:/siliconlabs/simplicitystudio/v5/developer/toolchains/gnu_arm/12.2.rel1_2023.7/bin/../lib/gcc/arm-none-eabi/12.2.1/thumb/v8-m.main+fp/hard/crt0.o (exit)
c:/siliconlabs/simplicitystudio/v5/developer/toolchains/gnu_arm/12.2.rel1_2023.7/bin/../lib/gcc/arm-none-eabi/12.2.1/thumb/v8-m.main+fp/hard\libc_nano.a(libc_a-findfp.o)
                              c:/siliconlabs/simplicitystudio/v5/developer/toolchains/gnu_arm/12.2.rel1_2023.7/bin/../lib/gcc/arm-none-eabi/12.2.1/thumb/v8-m.main+fp/hard\libc_nano.a(libc_a-exit.o) (__stdio_exit_handler)
c:/siliconlabs/simplicitystudio/v5/developer/toolchains/gnu_arm/12.2.rel1_2023.7/bin/../lib/gcc/arm-none-eabi/12.2.1/thumb/v8-m.main+fp/hard\libc_nano.a(libc_a-fwalk.o)
                              c:/siliconlabs/simplicitystudio/v5/developer/toolchains/gnu_arm/12.2.rel1_2023.7/bin/../lib/gcc/arm-none-eabi/12.2.1/thumb/v8-m.main+fp/hard\libc_nano.a(libc_a-findfp.o) (_fwalk_sglue)
c:/siliconlabs/simplicitystudio/v5/developer/toolchains/gnu_arm/12.2.rel1_2023.7/bin/../lib/gcc/arm-none-eabi/12.2.1/thumb/v8-m.main+fp/hard\libc_nano.a(libc_a-stdio.o)
                              c:/siliconlabs/simplicitystudio/v5/developer/toolchains/gnu_arm/12.2.rel1_2023.7/bin/../lib/gcc/arm-none-eabi/12.2.1/thumb/v8-m.main+fp/hard\libc_nano.a(libc_a-findfp.o) (__sread)
c:/siliconlabs/simplicitystudio/v5/developer/toolchains/gnu_arm/12.2.rel1_2023.7/bin/../lib/gcc/arm-none-eabi/12.2.1/thumb/v8-m.main+fp/hard\libc_nano.a(libc_a-memcmp.o)
                              ./simplicity_sdk_2025.6.1/platform/bootloader/parser/gbl/btl_gbl_parser.o (memcmp)
c:/siliconlabs/simplicitystudio/v5/developer/toolchains/gnu_arm/12.2.rel1_2023.7/bin/../lib/gcc/arm-none-eabi/12.2.1/thumb/v8-m.main+fp/hard\libc_nano.a(libc_a-memmove.o)
                              ./simplicity_sdk_2025.6.1/platform/bootloader/parser/compression/btl_decompress_lzma.o (memmove)
c:/siliconlabs/simplicitystudio/v5/developer/toolchains/gnu_arm/12.2.rel1_2023.7/bin/../lib/gcc/arm-none-eabi/12.2.1/thumb/v8-m.main+fp/hard\libc_nano.a(libc_a-memset.o)
                              c:/siliconlabs/simplicitystudio/v5/developer/toolchains/gnu_arm/12.2.rel1_2023.7/bin/../lib/gcc/arm-none-eabi/12.2.1/thumb/v8-m.main+fp/hard/crt0.o (memset)
c:/siliconlabs/simplicitystudio/v5/developer/toolchains/gnu_arm/12.2.rel1_2023.7/bin/../lib/gcc/arm-none-eabi/12.2.1/thumb/v8-m.main+fp/hard\libc_nano.a(libc_a-closer.o)
                              c:/siliconlabs/simplicitystudio/v5/developer/toolchains/gnu_arm/12.2.rel1_2023.7/bin/../lib/gcc/arm-none-eabi/12.2.1/thumb/v8-m.main+fp/hard\libc_nano.a(libc_a-stdio.o) (_close_r)
c:/siliconlabs/simplicitystudio/v5/developer/toolchains/gnu_arm/12.2.rel1_2023.7/bin/../lib/gcc/arm-none-eabi/12.2.1/thumb/v8-m.main+fp/hard\libc_nano.a(libc_a-reent.o)
                              c:/siliconlabs/simplicitystudio/v5/developer/toolchains/gnu_arm/12.2.rel1_2023.7/bin/../lib/gcc/arm-none-eabi/12.2.1/thumb/v8-m.main+fp/hard\libc_nano.a(libc_a-closer.o) (errno)
c:/siliconlabs/simplicitystudio/v5/developer/toolchains/gnu_arm/12.2.rel1_2023.7/bin/../lib/gcc/arm-none-eabi/12.2.1/thumb/v8-m.main+fp/hard\libc_nano.a(libc_a-impure.o)
                              c:/siliconlabs/simplicitystudio/v5/developer/toolchains/gnu_arm/12.2.rel1_2023.7/bin/../lib/gcc/arm-none-eabi/12.2.1/thumb/v8-m.main+fp/hard\libc_nano.a(libc_a-reent.o) (_impure_ptr)
[...]
Memory Configuration

Name             Origin             Length             Attributes
FLASH            0x08000000         0x00006000         xr
RAM              0x20000004         0x0007fffc         xrw
BOOTLOADER_RESET_REGION 0x20000000         0x00000004         xrw
*default*        0x00000000         0xffffffff

Linker script and memory map

LOAD c:/siliconlabs/simplicitystudio/v5/developer/toolchains/gnu_arm/12.2.rel1_2023.7/bin/../lib/gcc/arm-none-eabi/12.2.1/thumb/v8-m.main+fp/hard/crti.o
LOAD c:/siliconlabs/simplicitystudio/v5/developer/toolchains/gnu_arm/12.2.rel1_2023.7/bin/../lib/gcc/arm-none-eabi/12.2.1/thumb/v8-m.main+fp/hard/crtbegin.o
LOAD c:/siliconlabs/simplicitystudio/v5/developer/toolchains/gnu_arm/12.2.rel1_2023.7/bin/../lib/gcc/arm-none-eabi/12.2.1/thumb/v8-m.main+fp/hard/crt0.o
START GROUP
LOAD ./simplicity_sdk_2025.6.1/platform/Device/SiliconLabs/EFR32FG25/Source/startup_efr32fg25.o
LOAD ./simplicity_sdk_2025.6.1/platform/Device/SiliconLabs/EFR32FG25/Source/system_efr32fg25.o
LOAD ./simplicity_sdk_2025.6.1/platform/bootloader/core/btl_bootload.o
LOAD ./simplicity_sdk_2025.6.1/platform/bootloader/core/btl_core.o
LOAD ./simplicity_sdk_2025.6.1/platform/bootloader/core/btl_main.o
LOAD ./simplicity_sdk_2025.6.1/platform/bootloader/core/btl_parse.o
LOAD ./simplicity_sdk_2025.6.1/platform/bootloader/core/btl_reset.o
LOAD ./simplicity_sdk_2025.6.1/platform/bootloader/core/flash/btl_internal_flash.o
LOAD ./simplicity_sdk_2025.6.1/platform/bootloader/debug/btl_debug.o
LOAD ./simplicity_sdk_2025.6.1/platform/bootloader/debug/btl_debug_swo.o
LOAD ./simplicity_sdk_2025.6.1/platform/bootloader/driver/btl_driver_delay.o
LOAD ./simplicity_sdk_2025.6.1/platform/bootloader/driver/btl_driver_spi_controller_eusart.o
LOAD ./simplicity_sdk_2025.6.1/platform/bootloader/driver/btl_driver_util.o
LOAD ./simplicity_sdk_2025.6.1/platform/bootloader/parser/compression/btl_decompress_lz4.o
LOAD ./simplicity_sdk_2025.6.1/platform/bootloader/parser/compression/btl_decompress_lzma.o
LOAD ./simplicity_sdk_2025.6.1/platform/bootloader/parser/compression/lzma/LzmaDec.o
LOAD ./simplicity_sdk_2025.6.1/platform/bootloader/parser/gbl/btl_gbl_custom_tags.o
LOAD ./simplicity_sdk_2025.6.1/platform/bootloader/parser/gbl/btl_gbl_format.o
LOAD ./simplicity_sdk_2025.6.1/platform/bootloader/parser/gbl/btl_gbl_parser.o
LOAD ./simplicity_sdk_2025.6.1/platform/bootloader/security/btl_crc16.o
LOAD ./simplicity_sdk_2025.6.1/platform/bootloader/security/btl_crc32.o
LOAD ./simplicity_sdk_2025.6.1/platform/bootloader/security/btl_security_aes.o
LOAD ./simplicity_sdk_2025.6.1/platform/bootloader/security/btl_security_ecdsa.o
LOAD ./simplicity_sdk_2025.6.1/platform/bootloader/security/btl_security_sha256.o
LOAD ./simplicity_sdk_2025.6.1/platform/bootloader/security/btl_security_tokens.o
LOAD ./simplicity_sdk_2025.6.1/platform/bootloader/security/ecc/ecc.o
LOAD ./simplicity_sdk_2025.6.1/platform/bootloader/security/sha/btl_sha256.o
LOAD ./simplicity_sdk_2025.6.1/platform/bootloader/security/sha/crypto_sha.o
LOAD ./simplicity_sdk_2025.6.1/platform/bootloader/security/sha/cryptoacc_sha.o
LOAD ./simplicity_sdk_2025.6.1/platform/bootloader/security/sha/se_sha.o
LOAD ./simplicity_sdk_2025.6.1/platform/bootloader/storage/bootloadinfo/btl_storage_bootloadinfo_single.o
LOAD ./simplicity_sdk_2025.6.1/platform/bootloader/storage/btl_callbacks_stub.o
LOAD ./simplicity_sdk_2025.6.1/platform/bootloader/storage/btl_storage.o
LOAD ./simplicity_sdk_2025.6.1/platform/bootloader/storage/btl_storage_library.o
LOAD ./simplicity_sdk_2025.6.1/platform/bootloader/storage/spiflash/btl_storage_spiflash.o
LOAD ./simplicity_sdk_2025.6.1/platform/common/src/sl_assert.o
LOAD ./simplicity_sdk_2025.6.1/platform/common/src/sl_core_cortexm.o
LOAD ./simplicity_sdk_2025.6.1/platform/common/src/sl_syscalls.o
LOAD ./simplicity_sdk_2025.6.1/platform/emlib/src/em_acmp.o
LOAD ./simplicity_sdk_2025.6.1/platform/emlib/src/em_burtc.o
LOAD ./simplicity_sdk_2025.6.1/platform/emlib/src/em_cmu.o
LOAD ./simplicity_sdk_2025.6.1/platform/emlib/src/em_dbg.o
LOAD ./simplicity_sdk_2025.6.1/platform/emlib/src/em_emu.o
LOAD ./simplicity_sdk_2025.6.1/platform/emlib/src/em_eusart.o
LOAD ./simplicity_sdk_2025.6.1/platform/emlib/src/em_gpcrc.o
LOAD ./simplicity_sdk_2025.6.1/platform/emlib/src/em_gpio.o
LOAD ./simplicity_sdk_2025.6.1/platform/emlib/src/em_i2c.o
LOAD ./simplicity_sdk_2025.6.1/platform/emlib/src/em_iadc.o
LOAD ./simplicity_sdk_2025.6.1/platform/emlib/src/em_ldma.o
LOAD ./simplicity_sdk_2025.6.1/platform/emlib/src/em_lesense.o
LOAD ./simplicity_sdk_2025.6.1/platform/emlib/src/em_letimer.o
LOAD ./simplicity_sdk_2025.6.1/platform/emlib/src/em_msc.o
LOAD ./simplicity_sdk_2025.6.1/platform/emlib/src/em_opamp.o
LOAD ./simplicity_sdk_2025.6.1/platform/emlib/src/em_pcnt.o
LOAD ./simplicity_sdk_2025.6.1/platform/emlib/src/em_prs.o
LOAD ./simplicity_sdk_2025.6.1/platform/emlib/src/em_rmu.o
LOAD ./simplicity_sdk_2025.6.1/platform/emlib/src/em_system.o
LOAD ./simplicity_sdk_2025.6.1/platform/emlib/src/em_timer.o
LOAD ./simplicity_sdk_2025.6.1/platform/emlib/src/em_vdac.o
LOAD ./simplicity_sdk_2025.6.1/platform/emlib/src/em_wdog.o
LOAD ./simplicity_sdk_2025.6.1/platform/security/sl_component/se_manager/src/sl_se_manager.o
LOAD ./simplicity_sdk_2025.6.1/platform/security/sl_component/se_manager/src/sl_se_manager_attestation.o
LOAD ./simplicity_sdk_2025.6.1/platform/security/sl_component/se_manager/src/sl_se_manager_cipher.o
LOAD ./simplicity_sdk_2025.6.1/platform/security/sl_component/se_manager/src/sl_se_manager_entropy.o
LOAD ./simplicity_sdk_2025.6.1/platform/security/sl_component/se_manager/src/sl_se_manager_hash.o
LOAD ./simplicity_sdk_2025.6.1/platform/security/sl_component/se_manager/src/sl_se_manager_key_derivation.o
LOAD ./simplicity_sdk_2025.6.1/platform/security/sl_component/se_manager/src/sl_se_manager_key_handling.o
LOAD ./simplicity_sdk_2025.6.1/platform/security/sl_component/se_manager/src/sl_se_manager_signature.o
LOAD ./simplicity_sdk_2025.6.1/platform/security/sl_component/se_manager/src/sl_se_manager_util.o
LOAD ./simplicity_sdk_2025.6.1/platform/security/sl_component/se_manager/src/sli_se_manager_mailbox.o
LOAD ./simplicity_sdk_2025.6.1/platform/security/sl_component/sl_mbedtls_support/src/se_aes.o
LOAD ./simplicity_sdk_2025.6.1/platform/security/sl_component/sl_mbedtls_support/src/sl_mbedtls.o
LOAD ./simplicity_sdk_2025.6.1/platform/security/sl_component/sl_psa_driver/src/sli_psa_driver_common.o
LOAD ./simplicity_sdk_2025.6.1/platform/security/sl_component/sl_psa_driver/src/sli_psa_driver_init.o
LOAD ./simplicity_sdk_2025.6.1/platform/security/sl_component/sl_psa_driver/src/sli_se_driver_aead.o
LOAD ./simplicity_sdk_2025.6.1/platform/security/sl_component/sl_psa_driver/src/sli_se_driver_builtin_keys.o
LOAD ./simplicity_sdk_2025.6.1/platform/security/sl_component/sl_psa_driver/src/sli_se_driver_cipher.o
LOAD ./simplicity_sdk_2025.6.1/platform/security/sl_component/sl_psa_driver/src/sli_se_driver_key_derivation.o
LOAD ./simplicity_sdk_2025.6.1/platform/security/sl_component/sl_psa_driver/src/sli_se_driver_key_management.o
LOAD ./simplicity_sdk_2025.6.1/platform/security/sl_component/sl_psa_driver/src/sli_se_driver_mac.o
LOAD ./simplicity_sdk_2025.6.1/platform/security/sl_component/sl_psa_driver/src/sli_se_driver_signature.o
LOAD ./simplicity_sdk_2025.6.1/platform/security/sl_component/sl_psa_driver/src/sli_se_opaque_driver_aead.o
LOAD ./simplicity_sdk_2025.6.1/platform/security/sl_component/sl_psa_driver/src/sli_se_opaque_driver_cipher.o
LOAD ./simplicity_sdk_2025.6.1/platform/security/sl_component/sl_psa_driver/src/sli_se_opaque_driver_mac.o
LOAD ./simplicity_sdk_2025.6.1/platform/security/sl_component/sl_psa_driver/src/sli_se_opaque_key_derivation.o
LOAD ./simplicity_sdk_2025.6.1/platform/security/sl_component/sl_psa_driver/src/sli_se_transparent_driver_aead.o
LOAD ./simplicity_sdk_2025.6.1/platform/security/sl_component/sl_psa_driver/src/sli_se_transparent_driver_cipher.o
LOAD ./simplicity_sdk_2025.6.1/platform/security/sl_component/sl_psa_driver/src/sli_se_transparent_driver_hash.o
LOAD ./simplicity_sdk_2025.6.1/platform/security/sl_component/sl_psa_driver/src/sli_se_transparent_driver_mac.o
LOAD ./simplicity_sdk_2025.6.1/platform/security/sl_component/sl_psa_driver/src/sli_se_transparent_key_derivation.o
LOAD ./simplicity_sdk_2025.6.1/platform/security/sl_component/sl_psa_driver/src/sli_se_version_dependencies.o
LOAD ./simplicity_sdk_2025.6.1/platform/service/memory_manager/src/sl_memory_manager.o
LOAD ./simplicity_sdk_2025.6.1/platform/service/memory_manager/src/sl_memory_manager_dynamic_reservation.o
LOAD ./simplicity_sdk_2025.6.1/platform/service/memory_manager/src/sl_memory_manager_pool.o
LOAD ./simplicity_sdk_2025.6.1/platform/service/memory_manager/src/sl_memory_manager_pool_common.o
LOAD ./simplicity_sdk_2025.6.1/platform/service/memory_manager/src/sl_memory_manager_region.o
LOAD ./simplicity_sdk_2025.6.1/platform/service/memory_manager/src/sl_memory_manager_retarget.o
LOAD ./simplicity_sdk_2025.6.1/platform/service/memory_manager/src/sli_memory_manager_common.o
LOAD ./simplicity_sdk_2025.6.1/platform/service/udelay/src/sl_udelay.o
LOAD ./simplicity_sdk_2025.6.1/platform/service/udelay/src/sl_udelay_armv6m_gcc.o
LOAD ./simplicity_sdk_2025.6.1/util/third_party/mbedtls/library/aes.o
LOAD ./simplicity_sdk_2025.6.1/util/third_party/mbedtls/library/constant_time.o
LOAD ./simplicity_sdk_2025.6.1/util/third_party/mbedtls/library/platform.o
LOAD ./simplicity_sdk_2025.6.1/util/third_party/mbedtls/library/platform_util.o
LOAD ./simplicity_sdk_2025.6.1/util/third_party/mbedtls/library/psa_crypto_client.o
LOAD ./simplicity_sdk_2025.6.1/util/third_party/mbedtls/library/psa_util.o
LOAD ./simplicity_sdk_2025.6.1/util/third_party/mbedtls/library/threading.o
LOAD ./simplicity_sdk_2025.6.1/util/third_party/trusted-firmware-m/lib/fih/src/fih.o
LOAD ./simplicity_sdk_2025.6.1/util/third_party/trusted-firmware-m/platform/ext/target/siliconlabs/hse/sli_se.o
LOAD c:/siliconlabs/simplicitystudio/v5/developer/toolchains/gnu_arm/12.2.rel1_2023.7/bin/../lib/gcc/arm-none-eabi/12.2.1/thumb/v8-m.main+fp/hard\libgcc.a
LOAD c:/siliconlabs/simplicitystudio/v5/developer/toolchains/gnu_arm/12.2.rel1_2023.7/bin/../lib/gcc/arm-none-eabi/12.2.1/thumb/v8-m.main+fp/hard\libc_nano.a
LOAD c:/siliconlabs/simplicitystudio/v5/developer/toolchains/gnu_arm/12.2.rel1_2023.7/bin/../lib/gcc/arm-none-eabi/12.2.1/thumb/v8-m.main+fp/hard\libm.a
LOAD c:/siliconlabs/simplicitystudio/v5/developer/toolchains/gnu_arm/12.2.rel1_2023.7/bin/../lib/gcc/arm-none-eabi/12.2.1/thumb/v8-m.main+fp/hard\libnosys.a
END GROUP
START GROUP
LOAD c:/siliconlabs/simplicitystudio/v5/developer/toolchains/gnu_arm/12.2.rel1_2023.7/bin/../lib/gcc/arm-none-eabi/12.2.1/thumb/v8-m.main+fp/hard\libgcc.a
LOAD c:/siliconlabs/simplicitystudio/v5/developer/toolchains/gnu_arm/12.2.rel1_2023.7/bin/../lib/gcc/arm-none-eabi/12.2.1/thumb/v8-m.main+fp/hard\libc_nano.a
LOAD c:/siliconlabs/simplicitystudio/v5/developer/toolchains/gnu_arm/12.2.rel1_2023.7/bin/../lib/gcc/arm-none-eabi/12.2.1/thumb/v8-m.main+fp/hard\libnosys.a
END GROUP
START GROUP
LOAD c:/siliconlabs/simplicitystudio/v5/developer/toolchains/gnu_arm/12.2.rel1_2023.7/bin/../lib/gcc/arm-none-eabi/12.2.1/thumb/v8-m.main+fp/hard\libgcc.a
LOAD c:/siliconlabs/simplicitystudio/v5/developer/toolchains/gnu_arm/12.2.rel1_2023.7/bin/../lib/gcc/arm-none-eabi/12.2.1/thumb/v8-m.main+fp/hard\libg_nano.a
LOAD c:/siliconlabs/simplicitystudio/v5/developer/toolchains/gnu_arm/12.2.rel1_2023.7/bin/../lib/gcc/arm-none-eabi/12.2.1/thumb/v8-m.main+fp/hard\libc_nano.a
END GROUP
START GROUP
LOAD c:/siliconlabs/simplicitystudio/v5/developer/toolchains/gnu_arm/12.2.rel1_2023.7/bin/../lib/gcc/arm-none-eabi/12.2.1/thumb/v8-m.main+fp/hard\libgcc.a
LOAD c:/siliconlabs/simplicitystudio/v5/developer/toolchains/gnu_arm/12.2.rel1_2023.7/bin/../lib/gcc/arm-none-eabi/12.2.1/thumb/v8-m.main+fp/hard\libc_nano.a
END GROUP
LOAD c:/siliconlabs/simplicitystudio/v5/developer/toolchains/gnu_arm/12.2.rel1_2023.7/bin/../lib/gcc/arm-none-eabi/12.2.1/thumb/v8-m.main+fp/hard/crtend.o
LOAD c:/siliconlabs/simplicitystudio/v5/developer/toolchains/gnu_arm/12.2.rel1_2023.7/bin/../lib/gcc/arm-none-eabi/12.2.1/thumb/v8-m.main+fp/hard/crtn.o

.vectors        0x08000000      0x1a8
                0x08000000                linker_vectors_begin = .
 *(.vectors)
 .vectors       0x08000000      0x1a8 ./simplicity_sdk_2025.6.1/platform/Device/SiliconLabs/EFR32FG25/Source/startup_efr32fg25.o
                0x08000000                __Vectors
                0x080001a8                linker_vectors_end = .
                0x080001a8                __Vectors_End = .
                0x080001a8                __Vectors_Size = (__Vectors_End - __Vectors)
                0x080001a8                __lma_ramfuncs_start__ = .

.bootloader_reset_section
                0x20000000        0x4
                0x20000000                __ResetReasonStart__ = .
                0x20000004                . = (. + 0x4)
 *fill*         0x20000000        0x4 
                0x20000004                . = ALIGN (0x4)
                0x20000004                __ResetReasonEnd__ = .

.stack          0x20000008     0x1000
                0x20000008                . = ALIGN (0x8)
                0x20000008                __StackLimit = .
 *(.stack*)
 .stack         0x20000008     0x1000 ./simplicity_sdk_2025.6.1/platform/service/memory_manager/src/sl_memory_manager_region.o
                0x20001008                . = ALIGN (0x4)
                0x20001008                __StackTop = .
                0x20001008                PROVIDE (__stack = __StackTop)

.stackseal      0x20001008        0x8
                0x20001008                __StackSeal = .
                0x20001010                . = (. + 0x8)
 *fill*         0x20001008        0x8 
                0x20001010                . = ALIGN (0x8)

.bss            0x20001010     0x4dbc
                0x20001010                . = ALIGN (0x4)
                0x20001010                __bss_start__ = .
 *(SORT_BY_ALIGNMENT(.bss*))
 .bss.object.0  0x20001010       0x18 c:/siliconlabs/simplicitystudio/v5/developer/toolchains/gnu_arm/12.2.rel1_2023.7/bin/../lib/gcc/arm-none-eabi/12.2.1/thumb/v8-m.main+fp/hard/crtbegin.o
 .bss.lz4ParserContext
                0x20001028       0x24 ./simplicity_sdk_2025.6.1/platform/bootloader/parser/compression/btl_decompress_lz4.o
 .bss.allocSeq  0x2000104c        0x4 ./simplicity_sdk_2025.6.1/platform/bootloader/parser/compression/btl_decompress_lzma.o
 .bss.decompressorState
                0x20001050       0x70 ./simplicity_sdk_2025.6.1/platform/bootloader/parser/compression/btl_decompress_lzma.o
 .bss.outputBufferPos
                0x200010c0        0x4 ./simplicity_sdk_2025.6.1/platform/bootloader/parser/compression/btl_decompress_lzma.o
 .bss.outputBuffer
                0x200010c4      0x300 ./simplicity_sdk_2025.6.1/platform/bootloader/parser/compression/btl_decompress_lzma.o
 .bss.inputBufferPos
                0x200013c4        0x4 ./simplicity_sdk_2025.6.1/platform/bootloader/parser/compression/btl_decompress_lzma.o
 .bss.inputBuffer
                0x200013c8      0x200 ./simplicity_sdk_2025.6.1/platform/bootloader/parser/compression/btl_decompress_lzma.o
 .bss.dict      0x200015c8     0x2000 ./simplicity_sdk_2025.6.1/platform/bootloader/parser/compression/btl_decompress_lzma.o
 .bss.heapArray
                0x200035c8     0x2800 ./simplicity_sdk_2025.6.1/platform/bootloader/parser/compression/btl_decompress_lzma.o
 .bss.completed.1
                0x20005dc8        0x1 c:/siliconlabs/simplicitystudio/v5/developer/toolchains/gnu_arm/12.2.rel1_2023.7/bin/../lib/gcc/arm-none-eabi/12.2.1/thumb/v8-m.main+fp/hard/crtbegin.o
 .bss.firstCallInProgTag
                0x20005dc9        0x1 ./simplicity_sdk_2025.6.1/platform/bootloader/parser/compression/btl_decompress_lzma.o
 *(COMMON)
                0x20005dcc                . = ALIGN (0x4)
 *fill*         0x20005dca        0x2 
                0x20005dcc                __bss_end__ = .

.noinit         0x20005dcc        0x0
 *(.noinit*)
                0x20005dcc                . = ALIGN (0x4)

text_application_ram
                0x20005dcc        0x0 load address 0x080001a8
                0x20005dcc                . = ALIGN (0x4)
                0x20005dcc                __vma_ramfuncs_start__ = .
                0x20005dcc                __text_application_ram_start__ = .
 *(text_application_ram)
                0x20005dcc                . = ALIGN (0x4)
                0x20005dcc                __vma_ramfuncs_end__ = .
                0x20005dcc                __text_application_ram_end__ = .

.rodata         0x080001a8        0x0
                0x080001a8                __lma_ramfuncs_end__ = .
                0x080001a8                __rodata_start__ = .
                0x080001a8                __rodata_end__ = .

.text           0x080001b0     0x5014
                0x080001b0                linker_code_begin = .
 *(SORT_BY_ALIGNMENT(.text*))
 .text          0x080001b0        0x8 ./simplicity_sdk_2025.6.1/platform/service/udelay/src/sl_udelay_armv6m_gcc.o
                0x080001b0                sli_delay_loop
 .text.Reset_Handler
                0x080001b8       0x38 ./simplicity_sdk_2025.6.1/platform/Device/SiliconLabs/EFR32FG25/Source/startup_efr32fg25.o
                0x080001b8                Reset_Handler
 .text.deregister_tm_clones
                0x080001f0       0x1c c:/siliconlabs/simplicitystudio/v5/developer/toolchains/gnu_arm/12.2.rel1_2023.7/bin/../lib/gcc/arm-none-eabi/12.2.1/thumb/v8-m.main+fp/hard/crtbegin.o
 .text.register_tm_clones
                0x0800020c       0x28 c:/siliconlabs/simplicitystudio/v5/developer/toolchains/gnu_arm/12.2.rel1_2023.7/bin/../lib/gcc/arm-none-eabi/12.2.1/thumb/v8-m.main+fp/hard/crtbegin.o
 .text.__do_global_dtors_aux
                0x08000234       0x28 c:/siliconlabs/simplicitystudio/v5/developer/toolchains/gnu_arm/12.2.rel1_2023.7/bin/../lib/gcc/arm-none-eabi/12.2.1/thumb/v8-m.main+fp/hard/crtbegin.o
 .text.frame_dummy
                0x0800025c       0x24 c:/siliconlabs/simplicitystudio/v5/developer/toolchains/gnu_arm/12.2.rel1_2023.7/bin/../lib/gcc/arm-none-eabi/12.2.1/thumb/v8-m.main+fp/hard/crtbegin.o
 .text.Copy_Table
                0x08000280       0x28 ./simplicity_sdk_2025.6.1/platform/Device/SiliconLabs/EFR32FG25/Source/startup_efr32fg25.o
                0x08000280                Copy_Table
 .text.Zero_Table
                0x080002a8       0x24 ./simplicity_sdk_2025.6.1/platform/Device/SiliconLabs/EFR32FG25/Source/startup_efr32fg25.o
                0x080002a8                Zero_Table
 .text.SystemInit
                0x080002cc       0x1c ./simplicity_sdk_2025.6.1/platform/Device/SiliconLabs/EFR32FG25/Source/system_efr32fg25.o
                0x080002cc                SystemInit
 .text.bootload_bootloaderCallback
                0x080002e8       0x48 ./simplicity_sdk_2025.6.1/platform/bootloader/core/btl_bootload.o
                0x080002e8                bootload_bootloaderCallback
 .text.bootload_checkApplicationPropertiesMagic
                0x08000330       0x4c ./simplicity_sdk_2025.6.1/platform/bootloader/core/btl_bootload.o
                0x08000330                bootload_checkApplicationPropertiesMagic
 .text.bootload_verifyApplication
                0x0800037c       0xe4 ./simplicity_sdk_2025.6.1/platform/bootloader/core/btl_bootload.o
                0x0800037c                bootload_verifyApplication
 .text.bootload_commitBootloaderUpgrade
                0x08000460       0x94 ./simplicity_sdk_2025.6.1/platform/bootloader/core/btl_bootload.o
                0x08000460                bootload_commitBootloaderUpgrade
 .text.bootload_commitSeUpgrade
                0x080004f4       0x6c ./simplicity_sdk_2025.6.1/platform/bootloader/core/btl_bootload.o
                0x080004f4                bootload_commitSeUpgrade
 .text.bootload_getSeVersion
                0x08000560       0x50 ./simplicity_sdk_2025.6.1/platform/bootloader/core/btl_bootload.o
                0x08000560                bootload_getSeVersion
 .text.bootload_getUpgradeLocation
                0x080005b0        0x8 ./simplicity_sdk_2025.6.1/platform/bootloader/core/btl_bootload.o
                0x080005b0                bootload_getUpgradeLocation
 .text.btl_getPeripheralList
                0x080005b8       0x58 ./simplicity_sdk_2025.6.1/platform/bootloader/core/btl_main.o
 .text.SystemInit2
                0x08000610      0x12c ./simplicity_sdk_2025.6.1/platform/bootloader/core/btl_main.o
                0x08000610                SystemInit2
 .text.reset_invalidateResetReason
                0x0800073c       0x10 ./simplicity_sdk_2025.6.1/platform/bootloader/core/btl_reset.o
                0x0800073c                reset_invalidateResetReason
 .text.reset_enableResetCounter
                0x0800074c       0x10 ./simplicity_sdk_2025.6.1/platform/bootloader/core/btl_reset.o
                0x0800074c                reset_enableResetCounter
 .text.reset_disableResetCounter
                0x0800075c       0x10 ./simplicity_sdk_2025.6.1/platform/bootloader/core/btl_reset.o
                0x0800075c                reset_disableResetCounter
 .text.reset_resetCounterEnabled
                0x0800076c       0x1c ./simplicity_sdk_2025.6.1/platform/bootloader/core/btl_reset.o
                0x0800076c                reset_resetCounterEnabled
 .text.reset_setResetReason
                0x08000788       0x18 ./simplicity_sdk_2025.6.1/platform/bootloader/core/btl_reset.o
                0x08000788                reset_setResetReason
 .text.reset_getResetCounter
                0x080007a0       0x18 ./simplicity_sdk_2025.6.1/platform/bootloader/core/btl_reset.o
                0x080007a0                reset_getResetCounter
 .text.reset_incrementResetCounter
                0x080007b8       0x24 ./simplicity_sdk_2025.6.1/platform/bootloader/core/btl_reset.o
                0x080007b8                reset_incrementResetCounter
 .text.reset_resetWithReason
                0x080007dc       0x28 ./simplicity_sdk_2025.6.1/platform/bootloader/core/btl_reset.o
                0x080007dc                reset_resetWithReason
 .text.reset_classifyReset
                0x08000804       0x2c ./simplicity_sdk_2025.6.1/platform/bootloader/core/btl_reset.o
                0x08000804                reset_classifyReset
 .text.flash_erasePage
                0x08000830       0x1c ./simplicity_sdk_2025.6.1/platform/bootloader/core/flash/btl_internal_flash.o
                0x08000830                flash_erasePage
 .text.flash_writeBuffer_dma
                0x0800084c       0x50 ./simplicity_sdk_2025.6.1/platform/bootloader/core/flash/btl_internal_flash.o
                0x0800084c                flash_writeBuffer_dma
 .text.delay_microseconds
                0x0800089c       0x2c ./simplicity_sdk_2025.6.1/platform/bootloader/driver/btl_driver_delay.o
                0x0800089c                delay_microseconds
 .text.clk_enable
                0x080008c8       0x14 ./simplicity_sdk_2025.6.1/platform/bootloader/driver/btl_driver_spi_controller_eusart.o
 .text.spi_init
                0x080008dc       0xa8 ./simplicity_sdk_2025.6.1/platform/bootloader/driver/btl_driver_spi_controller_eusart.o
                0x080008dc                spi_init
 .text.spi_deinit
                0x08000984       0x18 ./simplicity_sdk_2025.6.1/platform/bootloader/driver/btl_driver_spi_controller_eusart.o
                0x08000984                spi_deinit
 .text.spi_writeByte
                0x0800099c       0x28 ./simplicity_sdk_2025.6.1/platform/bootloader/driver/btl_driver_spi_controller_eusart.o
                0x0800099c                spi_writeByte
 .text.spi_write3Byte
                0x080009c4       0x50 ./simplicity_sdk_2025.6.1/platform/bootloader/driver/btl_driver_spi_controller_eusart.o
                0x080009c4                spi_write3Byte
 .text.spi_readByte
                0x08000a14       0x28 ./simplicity_sdk_2025.6.1/platform/bootloader/driver/btl_driver_spi_controller_eusart.o
                0x08000a14                spi_readByte
 .text.spi_readHalfword
                0x08000a3c       0x44 ./simplicity_sdk_2025.6.1/platform/bootloader/driver/btl_driver_spi_controller_eusart.o
                0x08000a3c                spi_readHalfword
 .text.spi_setCsActive
                0x08000a80       0x14 ./simplicity_sdk_2025.6.1/platform/bootloader/driver/btl_driver_spi_controller_eusart.o
                0x08000a80                spi_setCsActive
 .text.spi_setCsInactive
                0x08000a94       0x14 ./simplicity_sdk_2025.6.1/platform/bootloader/driver/btl_driver_spi_controller_eusart.o
                0x08000a94                spi_setCsInactive
 .text.util_getClockFreq
                0x08000aa8       0x94 ./simplicity_sdk_2025.6.1/platform/bootloader/driver/btl_driver_util.o
                0x08000aa8                util_getClockFreq
 .text.gbl_lz4ReadMemory
                0x08000b3c      0x118 ./simplicity_sdk_2025.6.1/platform/bootloader/parser/compression/btl_decompress_lz4.o
                0x08000b3c                gbl_lz4ReadMemory
 .text.gbl_lz4WriteMemory
                0x08000c54       0xac ./simplicity_sdk_2025.6.1/platform/bootloader/parser/compression/btl_decompress_lz4.o
                0x08000c54                gbl_lz4WriteMemory
 .text.gbl_lz4EnterProgTag
                0x08000d00       0x2c ./simplicity_sdk_2025.6.1/platform/bootloader/parser/compression/btl_decompress_lz4.o
                0x08000d00                gbl_lz4EnterProgTag
 .text.gbl_lz4ParseProgTag
                0x08000d2c       0x48 ./simplicity_sdk_2025.6.1/platform/bootloader/parser/compression/btl_decompress_lz4.o
                0x08000d2c                gbl_lz4ParseProgTag
 .text.gbl_lz4NumBytesRequired
                0x08000d74       0x1c ./simplicity_sdk_2025.6.1/platform/bootloader/parser/compression/btl_decompress_lz4.o
                0x08000d74                gbl_lz4NumBytesRequired
 .text.gbl_lz4ExitProgTag
                0x08000d90       0x3c ./simplicity_sdk_2025.6.1/platform/bootloader/parser/compression/btl_decompress_lz4.o
                0x08000d90                gbl_lz4ExitProgTag
 .text.lzmaAlloc
                0x08000dcc       0x38 ./simplicity_sdk_2025.6.1/platform/bootloader/parser/compression/btl_decompress_lzma.o
 .text.lzmaFree
                0x08000e04       0x18 ./simplicity_sdk_2025.6.1/platform/bootloader/parser/compression/btl_decompress_lzma.o
 .text.decompressAndFlash
                0x08000e1c       0xdc ./simplicity_sdk_2025.6.1/platform/bootloader/parser/compression/btl_decompress_lzma.o
 .text.gbl_lzmaEnterProgTag
                0x08000ef8       0x30 ./simplicity_sdk_2025.6.1/platform/bootloader/parser/compression/btl_decompress_lzma.o
                0x08000ef8                gbl_lzmaEnterProgTag
 .text.gbl_lzmaParseProgTag
                0x08000f28       0xa4 ./simplicity_sdk_2025.6.1/platform/bootloader/parser/compression/btl_decompress_lzma.o
                0x08000f28                gbl_lzmaParseProgTag
 .text.gbl_lzmaNumBytesRequired
                0x08000fcc       0x1c ./simplicity_sdk_2025.6.1/platform/bootloader/parser/compression/btl_decompress_lzma.o
                0x08000fcc                gbl_lzmaNumBytesRequired
 .text.gbl_lzmaExitProgTag
                0x08000fe8       0x58 ./simplicity_sdk_2025.6.1/platform/bootloader/parser/compression/btl_decompress_lzma.o
                0x08000fe8                gbl_lzmaExitProgTag
 .text.LzmaDec_Allocate
                0x08001040       0x90 ./simplicity_sdk_2025.6.1/platform/bootloader/parser/compression/lzma/LzmaDec.o
                0x08001040                LzmaDec_Allocate
 .text.gbl_isCustomTag
                0x080010d0       0x20 ./simplicity_sdk_2025.6.1/platform/bootloader/parser/gbl/btl_gbl_custom_tags.o
                0x080010d0                gbl_isCustomTag
 .text.gbl_getCustomTagProperties
                0x080010f0       0x30 ./simplicity_sdk_2025.6.1/platform/bootloader/parser/gbl/btl_gbl_custom_tags.o
                0x080010f0                gbl_getCustomTagProperties
 .text.gbl_getTagParsingInfoFromTagId
                0x08001120       0x24 ./simplicity_sdk_2025.6.1/platform/bootloader/parser/gbl/btl_gbl_format.o
                0x08001120                gbl_getTagParsingInfoFromTagId
 .text.gbl_parseHeader
                0x08001144       0x7c ./simplicity_sdk_2025.6.1/platform/bootloader/parser/gbl/btl_gbl_parser.o
 .text.gbl_writeProgData
                0x080011c0       0xa8 ./simplicity_sdk_2025.6.1/platform/bootloader/parser/gbl/btl_gbl_parser.o
                0x080011c0                gbl_writeProgData
 .text.parser_init
                0x08001268       0x74 ./simplicity_sdk_2025.6.1/platform/bootloader/parser/gbl/btl_gbl_parser.o
                0x08001268                parser_init
 .text.parser_parse
                0x080012dc      0x730 ./simplicity_sdk_2025.6.1/platform/bootloader/parser/gbl/btl_gbl_parser.o
                0x080012dc                parser_parse
 .text.btl_crc32Stream
                0x08001a0c       0x30 ./simplicity_sdk_2025.6.1/platform/bootloader/security/btl_crc32.o
                0x08001a0c                btl_crc32Stream
 .text.btl_initAesCcm
                0x08001a3c       0x58 ./simplicity_sdk_2025.6.1/platform/bootloader/security/btl_security_aes.o
                0x08001a3c                btl_initAesCcm
 .text.btl_verifyEcdsaP256r1
                0x08001a94      0x100 ./simplicity_sdk_2025.6.1/platform/bootloader/security/btl_security_ecdsa.o
                0x08001a94                btl_verifyEcdsaP256r1
 .text.btl_initSha256
                0x08001b94       0x20 ./simplicity_sdk_2025.6.1/platform/bootloader/security/btl_security_sha256.o
                0x08001b94                btl_initSha256
 .text.btl_getSignedBootloaderKeyXPtr
                0x08001bb4       0x3c ./simplicity_sdk_2025.6.1/platform/bootloader/security/btl_security_tokens.o
                0x08001bb4                btl_getSignedBootloaderKeyXPtr
 .text.btl_getSignedBootloaderKeyYPtr
                0x08001bf0       0x3c ./simplicity_sdk_2025.6.1/platform/bootloader/security/btl_security_tokens.o
                0x08001bf0                btl_getSignedBootloaderKeyYPtr
 .text.btl_getImageFileEncryptionKeyPtr
                0x08001c2c        0x8 ./simplicity_sdk_2025.6.1/platform/bootloader/security/btl_security_tokens.o
                0x08001c2c                btl_getImageFileEncryptionKeyPtr
 .text.sha_x_update
                0x08001c34       0xbc ./simplicity_sdk_2025.6.1/platform/bootloader/security/sha/btl_sha256.o
                0x08001c34                sha_x_update
 .text.sha_x_finish.part.0
                0x08001cf0       0x98 ./simplicity_sdk_2025.6.1/platform/bootloader/security/sha/btl_sha256.o
 .text.sha_x_process
                0x08001d88       0xac ./simplicity_sdk_2025.6.1/platform/bootloader/security/sha/se_sha.o
                0x08001d88                sha_x_process
 .text.installImageFromSlot.constprop.0
                0x08001e34       0xa0 ./simplicity_sdk_2025.6.1/platform/bootloader/storage/btl_storage.o
 .text.storage_getSlotInfo
                0x08001ed4       0x30 ./simplicity_sdk_2025.6.1/platform/bootloader/storage/btl_storage_library.o
                0x08001ed4                storage_getSlotInfo
 .text.storage_readSlot
                0x08001f04       0x44 ./simplicity_sdk_2025.6.1/platform/bootloader/storage/btl_storage_library.o
                0x08001f04                storage_readSlot
 .text.storage_getSlotMetadata
                0x08001f48       0x8c ./simplicity_sdk_2025.6.1/platform/bootloader/storage/btl_storage_library.o
                0x08001f48                storage_getSlotMetadata
 .text.storage_writeSlot
                0x08001fd4       0x44 ./simplicity_sdk_2025.6.1/platform/bootloader/storage/btl_storage_library.o
                0x08001fd4                storage_writeSlot
 .text.storage_eraseSlot
                0x08002018       0x24 ./simplicity_sdk_2025.6.1/platform/bootloader/storage/btl_storage_library.o
                0x08002018                storage_eraseSlot
 .text.storage_getInfo
                0x0800203c       0x44 ./simplicity_sdk_2025.6.1/platform/bootloader/storage/btl_storage_library.o
                0x0800203c                storage_getInfo
 .text.storage_upgradeSeFromSlot
                0x08002080       0x3c ./simplicity_sdk_2025.6.1/platform/bootloader/storage/btl_storage_library.o
                0x08002080                storage_upgradeSeFromSlot
 .text.storage_bootloadBootloaderFromSlot
                0x080020bc       0x48 ./simplicity_sdk_2025.6.1/platform/bootloader/storage/btl_storage_library.o
                0x080020bc                storage_bootloadBootloaderFromSlot
 .text.storage_bootloadApplicationFromSlot
                0x08002104       0x3c ./simplicity_sdk_2025.6.1/platform/bootloader/storage/btl_storage_library.o
                0x08002104                storage_bootloadApplicationFromSlot
 .text.getDeviceInfo
                0x08002140       0x74 ./simplicity_sdk_2025.6.1/platform/bootloader/storage/spiflash/btl_storage_spiflash.o
                0x08002140                getDeviceInfo
 .text.getDeviceSize
                0x080021b4       0x34 ./simplicity_sdk_2025.6.1/platform/bootloader/storage/spiflash/btl_storage_spiflash.o
 .text.em01GrpcClkGet
                0x080021e8       0x64 ./simplicity_sdk_2025.6.1/platform/emlib/src/em_cmu.o
 .text.eusart0ClkGet
                0x0800224c       0x64 ./simplicity_sdk_2025.6.1/platform/emlib/src/em_cmu.o
 .text.traceClkGet
                0x080022b0       0x48 ./simplicity_sdk_2025.6.1/platform/emlib/src/em_cmu.o
 .text.dpllRefClkGet
                0x080022f8       0x48 ./simplicity_sdk_2025.6.1/platform/emlib/src/em_cmu.o
 .text.em01GrpaClkGet
                0x08002340       0x68 ./simplicity_sdk_2025.6.1/platform/emlib/src/em_cmu.o
 .text.em23GrpaClkGet
                0x080023a8       0x48 ./simplicity_sdk_2025.6.1/platform/emlib/src/em_cmu.o
 .text.vdac0ClkGet
                0x080023f0       0x64 ./simplicity_sdk_2025.6.1/platform/emlib/src/em_cmu.o
 .text.em4GrpaClkGet
                0x08002454       0x48 ./simplicity_sdk_2025.6.1/platform/emlib/src/em_cmu.o
 .text.iadcClkGet
                0x0800249c       0x50 ./simplicity_sdk_2025.6.1/platform/emlib/src/em_cmu.o
 .text.sysrtcClkGet
                0x080024ec       0x48 ./simplicity_sdk_2025.6.1/platform/emlib/src/em_cmu.o
 .text.wdog0ClkGet
                0x08002534       0x58 ./simplicity_sdk_2025.6.1/platform/emlib/src/em_cmu.o
 .text.wdog1ClkGet
                0x0800258c       0x58 ./simplicity_sdk_2025.6.1/platform/emlib/src/em_cmu.o
 .text.usbClkGet
                0x080025e4       0x48 ./simplicity_sdk_2025.6.1/platform/emlib/src/em_cmu.o
 .text.CMU_ClockDivGet
                0x0800262c       0x54 ./simplicity_sdk_2025.6.1/platform/emlib/src/em_cmu.o
                0x0800262c                CMU_ClockDivGet
 .text.CMU_ClockEnable
                0x08002680       0x34 ./simplicity_sdk_2025.6.1/platform/emlib/src/em_cmu.o
                0x08002680                CMU_ClockEnable
 .text.CMU_ClockFreqGet
                0x080026b4      0x29c ./simplicity_sdk_2025.6.1/platform/emlib/src/em_cmu.o
                0x080026b4                CMU_ClockFreqGet
 .text.EUSART_ClockGet
                0x08002950       0x44 ./simplicity_sdk_2025.6.1/platform/emlib/src/em_eusart.o
 .text.EUSART_Reset
                0x08002994       0x54 ./simplicity_sdk_2025.6.1/platform/emlib/src/em_eusart.o
                0x08002994                EUSART_Reset
 .text.EUSART_BaudrateSet
                0x080029e8       0xd4 ./simplicity_sdk_2025.6.1/platform/emlib/src/em_eusart.o
                0x080029e8                EUSART_BaudrateSet
 .text.GPIO_PinModeSet
                0x08002abc       0x80 ./simplicity_sdk_2025.6.1/platform/emlib/src/em_gpio.o
                0x08002abc                GPIO_PinModeSet
 .text.mscStatusWait
                0x08002b3c       0x54 ./simplicity_sdk_2025.6.1/platform/emlib/src/em_msc.o
                0x08002b3c                mscStatusWait
 .text.MSC_ErasePage
                0x08002b90       0x50 ./simplicity_sdk_2025.6.1/platform/emlib/src/em_msc.o
                0x08002b90                MSC_ErasePage
 .text.MSC_WriteWordDma
                0x08002be0       0xe4 ./simplicity_sdk_2025.6.1/platform/emlib/src/em_msc.o
                0x08002be0                MSC_WriteWordDma
 .text.sl_se_read_pubkey
                0x08002cc4       0x70 ./simplicity_sdk_2025.6.1/platform/security/sl_component/se_manager/src/sl_se_manager_util.o
                0x08002cc4                sl_se_read_pubkey
 .text.mbedtls_aes_crypt_ecb
                0x08002d34       0xc8 ./simplicity_sdk_2025.6.1/platform/security/sl_component/sl_mbedtls_support/src/se_aes.o
                0x08002d34                mbedtls_aes_crypt_ecb
 .text.mbedtls_aes_crypt_ctr
                0x08002dfc      0x180 ./simplicity_sdk_2025.6.1/platform/security/sl_component/sl_mbedtls_support/src/se_aes.o
                0x08002dfc                mbedtls_aes_crypt_ctr
 .text.Default_Handler
                0x08002f7c        0x2 ./simplicity_sdk_2025.6.1/platform/Device/SiliconLabs/EFR32FG25/Source/startup_efr32fg25.o
                0x08002f7c                ULFRCO_IRQHandler
                0x08002f7c                AHB2AHB1_IRQHandler
                0x08002f7c                SW2_IRQHandler
                0x08002f7c                TIMER2_IRQHandler
                0x08002f7c                DebugMon_Handler
                0x08002f7c                TIMER5_IRQHandler
                0x08002f7c                IADC_IRQHandler
                0x08002f7c                EUSART0_TX_IRQHandler
                0x08002f7c                I2C0_IRQHandler
                0x08002f7c                LFXO_IRQHandler
                0x08002f7c                VDAC_IRQHandler
                0x08002f7c                SMU_SECURE_IRQHandler
                0x08002f7c                AHB2AHB3_IRQHandler
                0x08002f7c                SysTick_Handler
                0x08002f7c                SYSRTC_SEQ_IRQHandler
                0x08002f7c                TIMER7_IRQHandler
                0x08002f7c                EUSART2_TX_IRQHandler
                0x08002f7c                PendSV_Handler
                0x08002f7c                NMI_Handler
                0x08002f7c                SYNTH_IRQHandler
                0x08002f7c                HOSTMAILBOX_IRQHandler
                0x08002f7c                HFXO0_IRQHandler
                0x08002f7c                I2C1_IRQHandler
                0x08002f7c                EUSART3_TX_IRQHandler
                0x08002f7c                WDOG0_IRQHandler
                0x08002f7c                TIMER3_IRQHandler
                0x08002f7c                SYSCFG_IRQHandler
                0x08002f7c                RFECA1_IRQHandler
                0x08002f7c                EMUDG_IRQHandler
                0x08002f7c                MSC_IRQHandler
                0x08002f7c                DPLL0_IRQHandler
                0x08002f7c                UsageFault_Handler
                0x08002f7c                WDOG1_IRQHandler
                0x08002f7c                M33CTI1_IRQHandler
                0x08002f7c                TIMER4_IRQHandler
                0x08002f7c                GPIO_EVEN_IRQHandler
                0x08002f7c                LDMA_IRQHandler
                0x08002f7c                TIMER6_IRQHandler
                0x08002f7c                SEMBTX_IRQHandler
                0x08002f7c                AHB2AHB2_IRQHandler
                0x08002f7c                RFLDMA_IRQHandler
                0x08002f7c                SW0_IRQHandler
                0x08002f7c                TIMER0_IRQHandler
                0x08002f7c                RFTIMER_IRQHandler
                0x08002f7c                SOFTM_IRQHandler
                0x08002f7c                LETIMER0_IRQHandler
                0x08002f7c                EUSART1_RX_IRQHandler
                0x08002f7c                TIMER1_IRQHandler
                0x08002f7c                HFRCO0_IRQHandler
                0x08002f7c                SecureFault_Handler
                0x08002f7c                BUFC_IRQHandler
                0x08002f7c                DCDC_IRQHandler
                0x08002f7c                MODEM_IRQHandler
                0x08002f7c                Default_Handler
                0x08002f7c                RAC_SEQ_IRQHandler
                0x08002f7c                FRC_PRI_IRQHandler
                0x08002f7c                EMU_IRQHandler
                0x08002f7c                SW3_IRQHandler
                0x08002f7c                KERNEL0_IRQHandler
                0x08002f7c                FRC_IRQHandler
                0x08002f7c                PCNT0_IRQHandler
                0x08002f7c                KERNEL1_IRQHandler
                0x08002f7c                AGC_IRQHandler
                0x08002f7c                EUSART1_TX_IRQHandler
                0x08002f7c                HFRCOEM23_IRQHandler
                0x08002f7c                USB_IRQHandler
                0x08002f7c                BURTC_IRQHandler
                0x08002f7c                SEMBRX_IRQHandler
                0x08002f7c                RFECA0_IRQHandler
                0x08002f7c                LFRCO_IRQHandler
                0x08002f7c                ACMP0_IRQHandler
                0x08002f7c                MemManage_Handler
                0x08002f7c                EUSART4_TX_IRQHandler
                0x08002f7c                AHB2AHB0_IRQHandler
                0x08002f7c                SVC_Handler
                0x08002f7c                EUSART3_RX_IRQHandler
                0x08002f7c                EUSART4_RX_IRQHandler
                0x08002f7c                EUSART2_RX_IRQHandler
                0x08002f7c                SMU_S_PRIVILEGED_IRQHandler
                0x08002f7c                SW1_IRQHandler
                0x08002f7c                CMU_IRQHandler
                0x08002f7c                ETAMPDET_IRQHandler
                0x08002f7c                EUSART0_RX_IRQHandler
                0x08002f7c                RFFPLL_IRQHandler
                0x08002f7c                RAC_RSM_IRQHandler
                0x08002f7c                SETAMPERHOST_IRQHandler
                0x08002f7c                GPIO_ODD_IRQHandler
                0x08002f7c                LESENSE_IRQHandler
                0x08002f7c                AES_IRQHandler
                0x08002f7c                M33CTI0_IRQHandler
                0x08002f7c                ICACHE0_IRQHandler
                0x08002f7c                SMU_NS_PRIVILEGED_IRQHandler
                0x08002f7c                FPUEXH_IRQHandler
                0x08002f7c                PROTIMER_IRQHandler
                0x08002f7c                ACMP1_IRQHandler
                0x08002f7c                BusFault_Handler
                0x08002f7c                MPAHBRAM_IRQHandler
                0x08002f7c                SYSRTC_APP_IRQHandler
                0x08002f7c                USBPLL0_IRQHandler
 .text.flashData
                0x08002f7e       0x44 ./simplicity_sdk_2025.6.1/platform/bootloader/core/btl_bootload.o
 .text.bootload_applicationCallback
                0x08002fc2       0x22 ./simplicity_sdk_2025.6.1/platform/bootloader/core/btl_bootload.o
                0x08002fc2                bootload_applicationCallback
 .text.bootload_checkApplicationPropertiesVersion
                0x08002fe4        0xe ./simplicity_sdk_2025.6.1/platform/bootloader/core/btl_bootload.o
                0x08002fe4                bootload_checkApplicationPropertiesVersion
 .text.getSignatureX
                0x08002ff2       0x26 ./simplicity_sdk_2025.6.1/platform/bootloader/core/btl_bootload.o
 .text.bootload_checkSeUpgradeVersion
                0x08003018       0x20 ./simplicity_sdk_2025.6.1/platform/bootloader/core/btl_bootload.o
                0x08003018                bootload_checkSeUpgradeVersion
 .text.btl_init
                0x08003038        0x4 ./simplicity_sdk_2025.6.1/platform/bootloader/core/btl_core.o
                0x08003038                btl_init
 .text.btl_deinit
                0x0800303c        0x4 ./simplicity_sdk_2025.6.1/platform/bootloader/core/btl_core.o
                0x0800303c                btl_deinit
 .text.bootToApp
                0x08003040       0x14 ./simplicity_sdk_2025.6.1/platform/bootloader/core/btl_main.o
 .text.HardFault_Handler
                0x08003054        0x8 ./simplicity_sdk_2025.6.1/platform/bootloader/core/btl_main.o
                0x08003054                HardFault_Handler
 .text.startup.main
                0x0800305c       0x60 ./simplicity_sdk_2025.6.1/platform/bootloader/core/btl_main.o
                0x0800305c                main
 .text.core_initParser
                0x080030bc       0x30 ./simplicity_sdk_2025.6.1/platform/bootloader/core/btl_parse.o
                0x080030bc                core_initParser
 .text.core_parseBuffer
                0x080030ec       0x30 ./simplicity_sdk_2025.6.1/platform/bootloader/core/btl_parse.o
                0x080030ec                core_parseBuffer
 .text.core_parseImageInfo
                0x0800311c       0x76 ./simplicity_sdk_2025.6.1/platform/bootloader/core/btl_parse.o
                0x0800311c                core_parseImageInfo
 .text.core_parserContextSize
                0x08003192        0x6 ./simplicity_sdk_2025.6.1/platform/bootloader/core/btl_parse.o
                0x08003192                core_parserContextSize
 .text.spi_getUsartPPUSATD
                0x08003198        0x8 ./simplicity_sdk_2025.6.1/platform/bootloader/driver/btl_driver_spi_controller_eusart.o
                0x08003198                spi_getUsartPPUSATD
 .text.lz4_init
                0x080031a0       0x1c ./simplicity_sdk_2025.6.1/platform/bootloader/parser/compression/btl_decompress_lz4.o
                0x080031a0                lz4_init
 .text.lz4_decompress
                0x080031bc      0x10e ./simplicity_sdk_2025.6.1/platform/bootloader/parser/compression/btl_decompress_lz4.o
                0x080031bc                lz4_decompress
 .text.LzmaDec_WriteRem
                0x080032ca       0x54 ./simplicity_sdk_2025.6.1/platform/bootloader/parser/compression/lzma/LzmaDec.o
 .text.LzmaDec_DecodeReal2
                0x0800331e      0x8c4 ./simplicity_sdk_2025.6.1/platform/bootloader/parser/compression/lzma/LzmaDec.o
 .text.LzmaDec_TryDummy
                0x08003be2      0x3f0 ./simplicity_sdk_2025.6.1/platform/bootloader/parser/compression/lzma/LzmaDec.o
 .text.LzmaDec_Init
                0x08003fd2       0x14 ./simplicity_sdk_2025.6.1/platform/bootloader/parser/compression/lzma/LzmaDec.o
                0x08003fd2                LzmaDec_Init
 .text.LzmaDec_DecodeToDic
                0x08003fe6      0x212 ./simplicity_sdk_2025.6.1/platform/bootloader/parser/compression/lzma/LzmaDec.o
                0x08003fe6                LzmaDec_DecodeToDic
 .text.LzmaDec_DecodeToBuf
                0x080041f8       0xa4 ./simplicity_sdk_2025.6.1/platform/bootloader/parser/compression/lzma/LzmaDec.o
                0x080041f8                LzmaDec_DecodeToBuf
 .text.LzmaDec_FreeProbs
                0x0800429c       0x12 ./simplicity_sdk_2025.6.1/platform/bootloader/parser/compression/lzma/LzmaDec.o
                0x0800429c                LzmaDec_FreeProbs
 .text.LzmaDec_AllocateProbs2
                0x080042ae       0x42 ./simplicity_sdk_2025.6.1/platform/bootloader/parser/compression/lzma/LzmaDec.o
 .text.LzmaDec_Free
                0x080042f0       0x18 ./simplicity_sdk_2025.6.1/platform/bootloader/parser/compression/lzma/LzmaDec.o
                0x080042f0                LzmaDec_Free
 .text.LzmaProps_Decode
                0x08004308       0x44 ./simplicity_sdk_2025.6.1/platform/bootloader/parser/compression/lzma/LzmaDec.o
                0x08004308                LzmaProps_Decode
 .text.gbl_storeData
                0x0800434c       0x42 ./simplicity_sdk_2025.6.1/platform/bootloader/parser/gbl/btl_gbl_parser.o
 .text.gbl_getData
                0x0800438e      0x102 ./simplicity_sdk_2025.6.1/platform/bootloader/parser/gbl/btl_gbl_parser.o
 .text.btl_processAesCtrData
                0x08004490       0x22 ./simplicity_sdk_2025.6.1/platform/bootloader/security/btl_security_aes.o
                0x08004490                btl_processAesCtrData
 .text.btl_updateSha256
                0x080044b2        0x4 ./simplicity_sdk_2025.6.1/platform/bootloader/security/btl_security_sha256.o
                0x080044b2                btl_updateSha256
 .text.btl_finalizeSha256
                0x080044b6        0x6 ./simplicity_sdk_2025.6.1/platform/bootloader/security/btl_security_sha256.o
                0x080044b6                btl_finalizeSha256
 .text.btl_sha256_init
                0x080044bc        0x8 ./simplicity_sdk_2025.6.1/platform/bootloader/security/sha/btl_sha256.o
                0x080044bc                btl_sha256_init
 .text.btl_sha256_starts_ret
                0x080044c4        0xa ./simplicity_sdk_2025.6.1/platform/bootloader/security/sha/btl_sha256.o
                0x080044c4                btl_sha256_starts_ret
 .text.btl_sha256_update_ret
                0x080044ce       0x1a ./simplicity_sdk_2025.6.1/platform/bootloader/security/sha/btl_sha256.o
                0x080044ce                btl_sha256_update_ret
 .text.btl_sha256_finish_ret
                0x080044e8        0xe ./simplicity_sdk_2025.6.1/platform/bootloader/security/sha/btl_sha256.o
                0x080044e8                btl_sha256_finish_ret
 .text.storage_getBootloadList
                0x080044f6       0x20 ./simplicity_sdk_2025.6.1/platform/bootloader/storage/bootloadinfo/btl_storage_bootloadinfo_single.o
                0x080044f6                storage_getBootloadList
 .text.storage_setBootloadList
                0x08004516       0x10 ./simplicity_sdk_2025.6.1/platform/bootloader/storage/bootloadinfo/btl_storage_bootloadinfo_single.o
                0x08004516                storage_setBootloadList
 .text.storage_appendBootloadList
                0x08004526        0x6 ./simplicity_sdk_2025.6.1/platform/bootloader/storage/bootloadinfo/btl_storage_bootloadinfo_single.o
                0x08004526                storage_appendBootloadList
 .text.storage_customInit
                0x0800452c        0x2 ./simplicity_sdk_2025.6.1/platform/bootloader/storage/btl_callbacks_stub.o
                0x0800452c                storage_customInit
 .text.storage_customShutdown
                0x0800452e        0x2 ./simplicity_sdk_2025.6.1/platform/bootloader/storage/btl_callbacks_stub.o
                0x0800452e                storage_customShutdown
 .text.storage_main
                0x08004530        0x4 ./simplicity_sdk_2025.6.1/platform/bootloader/storage/btl_storage.o
                0x08004530                storage_main
 .text.dummyCallback
                0x08004534        0x6 ./simplicity_sdk_2025.6.1/platform/bootloader/storage/btl_storage_library.o
 .text.advanceParser
                0x0800453a       0x3a ./simplicity_sdk_2025.6.1/platform/bootloader/storage/btl_storage_library.o
 .text.storage_verifySlot
                0x08004574       0x52 ./simplicity_sdk_2025.6.1/platform/bootloader/storage/btl_storage_library.o
                0x08004574                storage_verifySlot
 .text.storage_initParseSlot
                0x080045c6       0x28 ./simplicity_sdk_2025.6.1/platform/bootloader/storage/btl_storage_library.o
                0x080045c6                storage_initParseSlot
 .text.bootloadFromSlot.constprop.0
                0x080045ee       0x36 ./simplicity_sdk_2025.6.1/platform/bootloader/storage/btl_storage_library.o
 .text.getDeviceType
                0x08004624       0x62 ./simplicity_sdk_2025.6.1/platform/bootloader/storage/spiflash/btl_storage_spiflash.o
 .text.setWriteEnableLatch
                0x08004686       0x14 ./simplicity_sdk_2025.6.1/platform/bootloader/storage/spiflash/btl_storage_spiflash.o
 .text.storage_init
                0x0800469a       0x5a ./simplicity_sdk_2025.6.1/platform/bootloader/storage/spiflash/btl_storage_spiflash.o
                0x0800469a                storage_init
 .text.storage_isBusy
                0x080046f4       0x1c ./simplicity_sdk_2025.6.1/platform/bootloader/storage/spiflash/btl_storage_spiflash.o
                0x080046f4                storage_isBusy
 .text.waitUntilNotBusy
                0x08004710        0xc ./simplicity_sdk_2025.6.1/platform/bootloader/storage/spiflash/btl_storage_spiflash.o
 .text.verifyAddressRange
                0x0800471c       0x24 ./simplicity_sdk_2025.6.1/platform/bootloader/storage/spiflash/btl_storage_spiflash.o
 .text.eraseCommand
                0x08004740       0x26 ./simplicity_sdk_2025.6.1/platform/bootloader/storage/spiflash/btl_storage_spiflash.o
 .text.storage_readRaw
                0x08004766       0x44 ./simplicity_sdk_2025.6.1/platform/bootloader/storage/spiflash/btl_storage_spiflash.o
                0x08004766                storage_readRaw
 .text.storage_writeRaw
                0x080047aa       0xaa ./simplicity_sdk_2025.6.1/platform/bootloader/storage/spiflash/btl_storage_spiflash.o
                0x080047aa                storage_writeRaw
 .text.storage_getDMAchannel
                0x08004854        0x6 ./simplicity_sdk_2025.6.1/platform/bootloader/storage/spiflash/btl_storage_spiflash.o
                0x08004854                storage_getDMAchannel
 .text.storage_getSpiUsartPPUSATD
                0x0800485a        0x4 ./simplicity_sdk_2025.6.1/platform/bootloader/storage/spiflash/btl_storage_spiflash.o
                0x0800485a                storage_getSpiUsartPPUSATD
 .text.storage_eraseRaw
                0x0800485e       0xd6 ./simplicity_sdk_2025.6.1/platform/bootloader/storage/spiflash/btl_storage_spiflash.o
                0x0800485e                storage_eraseRaw
 .text.storage_shutdown
                0x08004934       0x20 ./simplicity_sdk_2025.6.1/platform/bootloader/storage/spiflash/btl_storage_spiflash.o
                0x08004934                storage_shutdown
 .text.eusart_sync
                0x08004954        0x8 ./simplicity_sdk_2025.6.1/platform/emlib/src/em_eusart.o
 .text.EUSART_Disable
                0x0800495c       0x34 ./simplicity_sdk_2025.6.1/platform/emlib/src/em_eusart.o
 .text.EUSART_Enable
                0x08004990       0x44 ./simplicity_sdk_2025.6.1/platform/emlib/src/em_eusart.o
                0x08004990                EUSART_Enable
 .text.EUSART_Rx
                0x080049d4       0x28 ./simplicity_sdk_2025.6.1/platform/emlib/src/em_eusart.o
                0x080049d4                EUSART_Rx
 .text.EUSART_Tx
                0x080049fc        0xa ./simplicity_sdk_2025.6.1/platform/emlib/src/em_eusart.o
                0x080049fc                EUSART_Tx
 .text.EUSART_Spi_TxRx
                0x08004a06       0x14 ./simplicity_sdk_2025.6.1/platform/emlib/src/em_eusart.o
                0x08004a06                EUSART_Spi_TxRx
 .text.BUS_RegMaskedWrite
                0x08004a1a       0x1e ./simplicity_sdk_2025.6.1/platform/emlib/src/em_gpio.o
 .text.sli_se_mailbox_command_add_input
                0x08004a38       0x14 ./simplicity_sdk_2025.6.1/platform/security/sl_component/se_manager/src/sli_se_manager_mailbox.o
                0x08004a38                sli_se_mailbox_command_add_input
 .text.mbedtls_aes_init
                0x08004a4c        0x8 ./simplicity_sdk_2025.6.1/platform/security/sl_component/sl_mbedtls_support/src/se_aes.o
                0x08004a4c                mbedtls_aes_init
 .text.mbedtls_aes_setkey_enc
                0x08004a54       0x36 ./simplicity_sdk_2025.6.1/platform/security/sl_component/sl_mbedtls_support/src/se_aes.o
                0x08004a54                mbedtls_aes_setkey_enc
 .text.memcmp   0x08004a8a       0x20 c:/siliconlabs/simplicitystudio/v5/developer/toolchains/gnu_arm/12.2.rel1_2023.7/bin/../lib/gcc/arm-none-eabi/12.2.1/thumb/v8-m.main+fp/hard\libc_nano.a(libc_a-memcmp.o)
                0x08004a8a                memcmp
 .text.memmove  0x08004aaa       0x34 c:/siliconlabs/simplicitystudio/v5/developer/toolchains/gnu_arm/12.2.rel1_2023.7/bin/../lib/gcc/arm-none-eabi/12.2.1/thumb/v8-m.main+fp/hard\libc_nano.a(libc_a-memmove.o)
                0x08004aaa                memmove
 .text.memset   0x08004ade       0x10 c:/siliconlabs/simplicitystudio/v5/developer/toolchains/gnu_arm/12.2.rel1_2023.7/bin/../lib/gcc/arm-none-eabi/12.2.1/thumb/v8-m.main+fp/hard\libc_nano.a(libc_a-memset.o)
                0x08004ade                memset
 .text.memcpy   0x08004aee       0x1a c:/siliconlabs/simplicitystudio/v5/developer/toolchains/gnu_arm/12.2.rel1_2023.7/bin/../lib/gcc/arm-none-eabi/12.2.1/thumb/v8-m.main+fp/hard\libc_nano.a(libc_a-memcpy-stub.o)
                0x08004aee                memcpy
 *(SORT_BY_ALIGNMENT(text_*))
 text_system_timecritical3238
                0x08004b08      0x104 ./simplicity_sdk_2025.6.1/platform/Device/SiliconLabs/EFR32FG25/Source/system_efr32fg25.o
                0x08004b08                SystemHFRCODPLLClockGet
 text_system_timecritical4241
                0x08004c0c       0x3c ./simplicity_sdk_2025.6.1/platform/Device/SiliconLabs/EFR32FG25/Source/system_efr32fg25.o
                0x08004c0c                SystemSYSCLKGet
 text_system_timecritical0194
                0x08004c48       0x1c ./simplicity_sdk_2025.6.1/platform/Device/SiliconLabs/EFR32FG25/Source/system_efr32fg25.o
                0x08004c48                SystemHCLKGet
 text_system_timecritical6245
                0x08004c64        0x8 ./simplicity_sdk_2025.6.1/platform/Device/SiliconLabs/EFR32FG25/Source/system_efr32fg25.o
                0x08004c64                SystemFSRCOClockGet
 text_system_timecritical7247
                0x08004c6c        0x8 ./simplicity_sdk_2025.6.1/platform/Device/SiliconLabs/EFR32FG25/Source/system_efr32fg25.o
                0x08004c6c                SystemHFXOClockGet
 text_system_timecritical9252
                0x08004c74       0x90 ./simplicity_sdk_2025.6.1/platform/Device/SiliconLabs/EFR32FG25/Source/system_efr32fg25.o
                0x08004c74                SystemHFRCOEM23ClockGet
 text_se_manager_timecritical19160
                0x08004d04       0x14 ./simplicity_sdk_2025.6.1/platform/security/sl_component/se_manager/src/sl_se_manager.o
                0x08004d04                sli_se_lock_acquire
 text_se_manager_timecritical20171
                0x08004d18       0x10 ./simplicity_sdk_2025.6.1/platform/security/sl_component/se_manager/src/sl_se_manager.o
                0x08004d18                sli_se_lock_release
 text_se_manager_timecritical21184
                0x08004d28       0x44 ./simplicity_sdk_2025.6.1/platform/security/sl_component/se_manager/src/sl_se_manager.o
                0x08004d28                sli_se_execute_and_wait
 text_system_timecritical8250
                0x08004d6c        0x4 ./simplicity_sdk_2025.6.1/platform/Device/SiliconLabs/EFR32FG25/Source/system_efr32fg25.o
                0x08004d6c                SystemCLKIN0Get
 text_system_timecritical10254
                0x08004d70        0x6 ./simplicity_sdk_2025.6.1/platform/Device/SiliconLabs/EFR32FG25/Source/system_efr32fg25.o
                0x08004d70                SystemLFXOClockGet
 text_system_timecritical11257
                0x08004d76        0x6 ./simplicity_sdk_2025.6.1/platform/Device/SiliconLabs/EFR32FG25/Source/system_efr32fg25.o
                0x08004d76                SystemLFRCOClockGet
 text_system_timecritical12259
                0x08004d7c        0x6 ./simplicity_sdk_2025.6.1/platform/Device/SiliconLabs/EFR32FG25/Source/system_efr32fg25.o
                0x08004d7c                SystemULFRCOClockGet
 text_se_manager_timecritical16522
                0x08004d82       0x12 ./simplicity_sdk_2025.6.1/platform/bootloader/core/btl_bootload.o
 text_core_timecritical2307
                0x08004d94        0xa ./simplicity_sdk_2025.6.1/platform/common/src/sl_core_cortexm.o
                0x08004d94                CORE_ExitCritical
 text_core_timecritical4331
                0x08004d9e        0x8 ./simplicity_sdk_2025.6.1/platform/common/src/sl_core_cortexm.o
                0x08004d9e                CORE_EnterCritical
 text_se_manager_timecritical18149
                0x08004da6       0x5c ./simplicity_sdk_2025.6.1/platform/security/sl_component/se_manager/src/sl_se_manager.o
                0x08004da6                sli_se_to_sl_status
 text_se_manager_timecritical14483
                0x08004e02       0x12 ./simplicity_sdk_2025.6.1/platform/security/sl_component/se_manager/src/sli_se_manager_mailbox.o
                0x08004e02                sli_se_mailbox_command_add_parameter
 text_se_manager_timecritical15500
                0x08004e14       0x3a ./simplicity_sdk_2025.6.1/platform/security/sl_component/se_manager/src/sli_se_manager_mailbox.o
                0x08004e14                sli_se_mailbox_execute_command
 text_se_manager_timecritical19224
                0x08004e4e       0x14 ./simplicity_sdk_2025.6.1/platform/security/sl_component/se_manager/src/sli_se_manager_mailbox.o
                0x08004e4e                sli_se_mailbox_command_add_output
                0x08004e80                . = ALIGN (0x20)
 *fill*         0x08004e62       0x1e 
                0x08004e80                linker_code_end = .
 *(.init)
 .init          0x08004e80        0x4 c:/siliconlabs/simplicitystudio/v5/developer/toolchains/gnu_arm/12.2.rel1_2023.7/bin/../lib/gcc/arm-none-eabi/12.2.1/thumb/v8-m.main+fp/hard/crti.o
                0x08004e80                _init
 .init          0x08004e84        0x8 c:/siliconlabs/simplicitystudio/v5/developer/toolchains/gnu_arm/12.2.rel1_2023.7/bin/../lib/gcc/arm-none-eabi/12.2.1/thumb/v8-m.main+fp/hard/crtn.o
 *(.fini)
 .fini          0x08004e8c        0x4 c:/siliconlabs/simplicitystudio/v5/developer/toolchains/gnu_arm/12.2.rel1_2023.7/bin/../lib/gcc/arm-none-eabi/12.2.1/thumb/v8-m.main+fp/hard/crti.o
                0x08004e8c                _fini
 .fini          0x08004e90        0x8 c:/siliconlabs/simplicitystudio/v5/developer/toolchains/gnu_arm/12.2.rel1_2023.7/bin/../lib/gcc/arm-none-eabi/12.2.1/thumb/v8-m.main+fp/hard/crtn.o
 *crtbegin.o(.ctors)
 *crtbegin?.o(.ctors)
 *(EXCLUDE_FILE(*crtend.o *crtend?.o) .ctors)
 *(SORT_BY_NAME(.ctors.*))
 *(.ctors)
 *crtbegin.o(.dtors)
 *crtbegin?.o(.dtors)
 *(EXCLUDE_FILE(*crtend.o *crtend?.o) .dtors)
 *(SORT_BY_NAME(.dtors.*))
 *(.dtors)
 *(.rodata*)
 .rodata.CSWTCH.1
                0x08004e98        0xc ./simplicity_sdk_2025.6.1/platform/Device/SiliconLabs/EFR32FG25/Source/system_efr32fg25.o
 .rodata.bootload_checkApplicationPropertiesMagic.str1.1
                0x08004ea4       0x11 ./simplicity_sdk_2025.6.1/platform/bootloader/core/btl_bootload.o
 *fill*         0x08004eb5        0x3 
 .rodata.sl_app_properties
                0x08004eb8       0x50 ./simplicity_sdk_2025.6.1/platform/bootloader/core/btl_main.o
                0x08004eb8                sl_app_properties
 .rodata.mainStageTable
                0x08004f08       0x48 ./simplicity_sdk_2025.6.1/platform/bootloader/core/btl_main.o
                0x08004f08                mainStageTable
 .rodata        0x08004f50       0x11 ./simplicity_sdk_2025.6.1/platform/bootloader/driver/btl_driver_util.o
 *fill*         0x08004f61        0x3 
 .rodata.gblCustomTags
                0x08004f64       0x28 ./simplicity_sdk_2025.6.1/platform/bootloader/parser/gbl/btl_gbl_custom_tags.o
                0x08004f64                gblCustomTags
 .rodata.gblTagParsingInfoStructs
                0x08004f8c       0xa8 ./simplicity_sdk_2025.6.1/platform/bootloader/parser/gbl/btl_gbl_format.o
                0x08004f8c                gblTagParsingInfoStructs
 .rodata.shax_padding
                0x08005034       0x40 ./simplicity_sdk_2025.6.1/platform/bootloader/security/sha/btl_sha256.o
 .rodata.init_state_sha256
                0x08005074       0x20 ./simplicity_sdk_2025.6.1/platform/bootloader/security/sha/btl_sha256.o
 .rodata.storageFunctions
                0x08005094       0x44 ./simplicity_sdk_2025.6.1/platform/bootloader/storage/btl_storage_library.o
                0x08005094                storageFunctions
 .rodata.CSWTCH.15
                0x080050d8       0x5c ./simplicity_sdk_2025.6.1/platform/bootloader/storage/spiflash/btl_storage_spiflash.o
 .rodata.storageLayout
                0x08005134       0x10 ./simplicity_sdk_2025.6.1/platform/bootloader/storage/spiflash/btl_storage_spiflash.o
                0x08005134                storageLayout
 .rodata.issi4MInfo
                0x08005144       0x20 ./simplicity_sdk_2025.6.1/platform/bootloader/storage/spiflash/btl_storage_spiflash.o
 .rodata.adesto4MInfo
                0x08005164       0x20 ./simplicity_sdk_2025.6.1/platform/bootloader/storage/spiflash/btl_storage_spiflash.o
 .rodata.macronix32MLPInfo
                0x08005184       0x20 ./simplicity_sdk_2025.6.1/platform/bootloader/storage/spiflash/btl_storage_spiflash.o
 .rodata.macronix8MLPInfo
                0x080051a4       0x20 ./simplicity_sdk_2025.6.1/platform/bootloader/storage/spiflash/btl_storage_spiflash.o
 *(.eh_frame*)
 .eh_frame      0x080051c4        0x0 c:/siliconlabs/simplicitystudio/v5/developer/toolchains/gnu_arm/12.2.rel1_2023.7/bin/../lib/gcc/arm-none-eabi/12.2.1/thumb/v8-m.main+fp/hard/crtbegin.o

.glue_7         0x080051c4        0x0
 .glue_7        0x080051c4        0x0 linker stubs

.glue_7t        0x080051c4        0x0
 .glue_7t       0x080051c4        0x0 linker stubs

.vfp11_veneer   0x080051c4        0x0
 .vfp11_veneer  0x080051c4        0x0 linker stubs

.v4_bx          0x080051c4        0x0
 .v4_bx         0x080051c4        0x0 linker stubs

.iplt           0x080051c4        0x0
 .iplt          0x080051c4        0x0 c:/siliconlabs/simplicitystudio/v5/developer/toolchains/gnu_arm/12.2.rel1_2023.7/bin/../lib/gcc/arm-none-eabi/12.2.1/thumb/v8-m.main+fp/hard/crtbegin.o

.gnu.sgstubs    0x080051e0        0x0
                0x080051e0                . = ALIGN (0x20)
                0x080051e0                linker_sg_begin = .
 *(.gnu.sgstubs*)
                0x080051e0                . = ALIGN (0x20)
                0x080051e0                linker_sg_end = (linker_sg_begin + SIZEOF (.gnu.sgstubs))

.ARM.extab
 *(.ARM.extab* .gnu.linkonce.armextab.*)
                0x080051e0                __exidx_start = .

.ARM.exidx
 *(.ARM.exidx* .gnu.linkonce.armexidx.*)
                0x080051e0                __exidx_end = .

.copy.table     0x080051c4        0xc
                0x080051c4                . = ALIGN (0x4)
                0x080051c4                __copy_table_start__ = .
                0x080051c4        0x4 LONG 0x80051d0 __etext
                0x080051c8        0x4 LONG 0x20005dcc __data_start__
                0x080051cc        0x4 LONG 0x4 ((__data_end__ - __data_start__) / 0x4)
                0x080051d0                __copy_table_end__ = .

.rel.dyn        0x080051d0        0x0
 .rel.iplt      0x080051d0        0x0 c:/siliconlabs/simplicitystudio/v5/developer/toolchains/gnu_arm/12.2.rel1_2023.7/bin/../lib/gcc/arm-none-eabi/12.2.1/thumb/v8-m.main+fp/hard/crtbegin.o

.zero.table     0x080051d0        0x0
                0x080051d0                . = ALIGN (0x4)
                0x080051d0                __zero_table_start__ = .
                0x080051d0                __zero_table_end__ = .
                0x080051d0                __etext = .

.data           0x20005dcc       0x10 load address 0x080051d0
                0x20005dcc                . = ALIGN (0x4)
                0x20005dcc                __data_start__ = .
 *(vtable)
 *(SORT_BY_ALIGNMENT(.data*))
 .data.lzmaAllocator
                0x20005dcc        0x8 ./simplicity_sdk_2025.6.1/platform/bootloader/parser/compression/btl_decompress_lzma.o
                0x20005dd4                . = ALIGN (0x4)
                0x20005dd4                . = ALIGN (0x4)
                0x20005dd4                PROVIDE (__preinit_array_start = .)
 *(.preinit_array)
                0x20005dd4                PROVIDE (__preinit_array_end = .)
                0x20005dd4                . = ALIGN (0x4)
                0x20005dd4                PROVIDE (__init_array_start = .)
 *(SORT_BY_NAME(.init_array.*))
 *(.init_array)
 .init_array    0x20005dd4        0x4 c:/siliconlabs/simplicitystudio/v5/developer/toolchains/gnu_arm/12.2.rel1_2023.7/bin/../lib/gcc/arm-none-eabi/12.2.1/thumb/v8-m.main+fp/hard/crtbegin.o
                0x20005dd8                PROVIDE (__init_array_end = .)
                0x20005dd8                . = ALIGN (0x4)
                [!provide]                PROVIDE (__fini_array_start = .)
 *(SORT_BY_NAME(.fini_array.*))
 *(.fini_array)
 .fini_array    0x20005dd8        0x4 c:/siliconlabs/simplicitystudio/v5/developer/toolchains/gnu_arm/12.2.rel1_2023.7/bin/../lib/gcc/arm-none-eabi/12.2.1/thumb/v8-m.main+fp/hard/crtbegin.o
                [!provide]                PROVIDE (__fini_array_end = .)
                0x20005ddc                . = ALIGN (0x4)
                0x20005ddc                __data_end__ = .
                0x20080000                heap_limit = (ORIGIN (RAM) + LENGTH (RAM))
                0x0007a220                heap_size = (heap_limit - __HeapBase)

.tm_clone_table
                0x20005ddc        0x0 load address 0x080051e0
 .tm_clone_table
                0x20005ddc        0x0 c:/siliconlabs/simplicitystudio/v5/developer/toolchains/gnu_arm/12.2.rel1_2023.7/bin/../lib/gcc/arm-none-eabi/12.2.1/thumb/v8-m.main+fp/hard/crtbegin.o
 .tm_clone_table
                0x20005ddc        0x0 c:/siliconlabs/simplicitystudio/v5/developer/toolchains/gnu_arm/12.2.rel1_2023.7/bin/../lib/gcc/arm-none-eabi/12.2.1/thumb/v8-m.main+fp/hard/crtend.o

.igot.plt       0x20005ddc        0x0 load address 0x080051e0
 .igot.plt      0x20005ddc        0x0 c:/siliconlabs/simplicitystudio/v5/developer/toolchains/gnu_arm/12.2.rel1_2023.7/bin/../lib/gcc/arm-none-eabi/12.2.1/thumb/v8-m.main+fp/hard/crtbegin.o

.memory_manager_heap
                0x20005ddc    0x7a224 load address 0x080051e0
                0x20005de0                . = ALIGN (0x8)
 *fill*         0x20005ddc        0x4 
                0x20005de0                __HeapBase = .
                0x20080000                . = (. + heap_size)
 *fill*         0x20005de0    0x7a220 
                0x20080000                __end__ = .
                0x20080000                _end = __end__
 *(.memory_manager_heap*)
                0x20080000                __HeapLimit = (ORIGIN (RAM) + LENGTH (RAM))
                0x0007a220                __heap_size = (__HeapLimit - __HeapBase)
                0x20080000                __ram_end__ = 0x20080000
                0x081de000                __main_flash_end__ = 0x81de000

.internal_storage
 *(.internal_storage*)

.nvm
 *(.simee*)
                0x20005dcc                __ramfuncs_start__ = __vma_ramfuncs_start__
                0x20005dcc                __ramfuncs_end__ = __vma_ramfuncs_end__
                0x081de000                linker_nvm_end = __main_flash_end__
                0x081de000                linker_nvm_begin = (linker_nvm_end - SIZEOF (.nvm))
                0x081de000                linker_storage_end = __main_flash_end__
                0x081de000                linker_storage_begin = (linker_storage_end - SIZEOF (.internal_storage))
                0x080051e0                __rom_end__ = (__etext + SIZEOF (.data))
                0x00000020                _app_rollback_protection_size = 0x20
                0x00000001                ASSERT (((((ORIGIN (FLASH) + LENGTH (FLASH)) - 0x40) - _app_rollback_protection_size) >= (__etext + SIZEOF (.data))), FLASH memory overflowed !)
OUTPUT(bootloader-storage-spiflash-single-1024k.axf elf32-littlearm)
LOAD linker stubs

.ARM.attributes
                0x00000000       0x36
 .ARM.attributes
                0x00000000       0x26 c:/siliconlabs/simplicitystudio/v5/developer/toolchains/gnu_arm/12.2.rel1_2023.7/bin/../lib/gcc/arm-none-eabi/12.2.1/thumb/v8-m.main+fp/hard/crti.o
 .ARM.attributes
                0x00000026       0x38 c:/siliconlabs/simplicitystudio/v5/developer/toolchains/gnu_arm/12.2.rel1_2023.7/bin/../lib/gcc/arm-none-eabi/12.2.1/thumb/v8-m.main+fp/hard/crtbegin.o
 .ARM.attributes
                0x0000005e       0x3a ./simplicity_sdk_2025.6.1/platform/Device/SiliconLabs/EFR32FG25/Source/startup_efr32fg25.o
 .ARM.attributes
                0x00000098       0x3a ./simplicity_sdk_2025.6.1/platform/Device/SiliconLabs/EFR32FG25/Source/system_efr32fg25.o
 .ARM.attributes
                0x000000d2       0x3a ./simplicity_sdk_2025.6.1/platform/bootloader/core/btl_bootload.o
 .ARM.attributes
                0x0000010c       0x3a ./simplicity_sdk_2025.6.1/platform/bootloader/core/btl_core.o
 .ARM.attributes
                0x00000146       0x3a ./simplicity_sdk_2025.6.1/platform/bootloader/core/btl_main.o
 .ARM.attributes
                0x00000180       0x3a ./simplicity_sdk_2025.6.1/platform/bootloader/core/btl_parse.o
 .ARM.attributes
                0x000001ba       0x3a ./simplicity_sdk_2025.6.1/platform/bootloader/core/btl_reset.o
 .ARM.attributes
                0x000001f4       0x3a ./simplicity_sdk_2025.6.1/platform/bootloader/core/flash/btl_internal_flash.o
 .ARM.attributes
                0x0000022e       0x3a ./simplicity_sdk_2025.6.1/platform/bootloader/driver/btl_driver_delay.o
 .ARM.attributes
                0x00000268       0x3a ./simplicity_sdk_2025.6.1/platform/bootloader/driver/btl_driver_spi_controller_eusart.o
 .ARM.attributes
                0x000002a2       0x3a ./simplicity_sdk_2025.6.1/platform/bootloader/driver/btl_driver_util.o
 .ARM.attributes
                0x000002dc       0x3a ./simplicity_sdk_2025.6.1/platform/bootloader/parser/compression/btl_decompress_lz4.o
 .ARM.attributes
                0x00000316       0x3a ./simplicity_sdk_2025.6.1/platform/bootloader/parser/compression/btl_decompress_lzma.o
 .ARM.attributes
                0x00000350       0x3a ./simplicity_sdk_2025.6.1/platform/bootloader/parser/compression/lzma/LzmaDec.o
 .ARM.attributes
                0x0000038a       0x3a ./simplicity_sdk_2025.6.1/platform/bootloader/parser/gbl/btl_gbl_custom_tags.o
 .ARM.attributes
                0x000003c4       0x3a ./simplicity_sdk_2025.6.1/platform/bootloader/parser/gbl/btl_gbl_format.o
 .ARM.attributes
                0x000003fe       0x3a ./simplicity_sdk_2025.6.1/platform/bootloader/parser/gbl/btl_gbl_parser.o
 .ARM.attributes
                0x00000438       0x3a ./simplicity_sdk_2025.6.1/platform/bootloader/security/btl_crc32.o
 .ARM.attributes
                0x00000472       0x3a ./simplicity_sdk_2025.6.1/platform/bootloader/security/btl_security_aes.o
 .ARM.attributes
                0x000004ac       0x3a ./simplicity_sdk_2025.6.1/platform/bootloader/security/btl_security_ecdsa.o
 .ARM.attributes
                0x000004e6       0x3a ./simplicity_sdk_2025.6.1/platform/bootloader/security/btl_security_sha256.o
 .ARM.attributes
                0x00000520       0x3a ./simplicity_sdk_2025.6.1/platform/bootloader/security/btl_security_tokens.o
 .ARM.attributes
                0x0000055a       0x3a ./simplicity_sdk_2025.6.1/platform/bootloader/security/sha/btl_sha256.o
 .ARM.attributes
                0x00000594       0x3a ./simplicity_sdk_2025.6.1/platform/bootloader/security/sha/se_sha.o
 .ARM.attributes
                0x000005ce       0x3a ./simplicity_sdk_2025.6.1/platform/bootloader/storage/bootloadinfo/btl_storage_bootloadinfo_single.o
 .ARM.attributes
                0x00000608       0x3a ./simplicity_sdk_2025.6.1/platform/bootloader/storage/btl_callbacks_stub.o
 .ARM.attributes
                0x00000642       0x3a ./simplicity_sdk_2025.6.1/platform/bootloader/storage/btl_storage.o
 .ARM.attributes
                0x0000067c       0x3a ./simplicity_sdk_2025.6.1/platform/bootloader/storage/btl_storage_library.o
 .ARM.attributes
                0x000006b6       0x3a ./simplicity_sdk_2025.6.1/platform/bootloader/storage/spiflash/btl_storage_spiflash.o
 .ARM.attributes
                0x000006f0       0x3a ./simplicity_sdk_2025.6.1/platform/common/src/sl_core_cortexm.o
 .ARM.attributes
                0x0000072a       0x3a ./simplicity_sdk_2025.6.1/platform/emlib/src/em_cmu.o
 .ARM.attributes
                0x00000764       0x3a ./simplicity_sdk_2025.6.1/platform/emlib/src/em_eusart.o
 .ARM.attributes
                0x0000079e       0x3a ./simplicity_sdk_2025.6.1/platform/emlib/src/em_gpio.o
 .ARM.attributes
                0x000007d8       0x3a ./simplicity_sdk_2025.6.1/platform/emlib/src/em_msc.o
 .ARM.attributes
                0x00000812       0x3a ./simplicity_sdk_2025.6.1/platform/security/sl_component/se_manager/src/sl_se_manager.o
 .ARM.attributes
                0x0000084c       0x3a ./simplicity_sdk_2025.6.1/platform/security/sl_component/se_manager/src/sl_se_manager_util.o
 .ARM.attributes
                0x00000886       0x3a ./simplicity_sdk_2025.6.1/platform/security/sl_component/se_manager/src/sli_se_manager_mailbox.o
 .ARM.attributes
                0x000008c0       0x3a ./simplicity_sdk_2025.6.1/platform/security/sl_component/sl_mbedtls_support/src/se_aes.o
 .ARM.attributes
                0x000008fa       0x3a ./simplicity_sdk_2025.6.1/platform/service/memory_manager/src/sl_memory_manager_region.o
 .ARM.attributes
                0x00000934       0x26 ./simplicity_sdk_2025.6.1/platform/service/udelay/src/sl_udelay_armv6m_gcc.o
 .ARM.attributes
                0x0000095a       0x38 c:/siliconlabs/simplicitystudio/v5/developer/toolchains/gnu_arm/12.2.rel1_2023.7/bin/../lib/gcc/arm-none-eabi/12.2.1/thumb/v8-m.main+fp/hard\libc_nano.a(libc_a-memcmp.o)
 .ARM.attributes
                0x00000992       0x38 c:/siliconlabs/simplicitystudio/v5/developer/toolchains/gnu_arm/12.2.rel1_2023.7/bin/../lib/gcc/arm-none-eabi/12.2.1/thumb/v8-m.main+fp/hard\libc_nano.a(libc_a-memmove.o)
 .ARM.attributes
                0x000009ca       0x38 c:/siliconlabs/simplicitystudio/v5/developer/toolchains/gnu_arm/12.2.rel1_2023.7/bin/../lib/gcc/arm-none-eabi/12.2.1/thumb/v8-m.main+fp/hard\libc_nano.a(libc_a-memset.o)
 .ARM.attributes
                0x00000a02       0x38 c:/siliconlabs/simplicitystudio/v5/developer/toolchains/gnu_arm/12.2.rel1_2023.7/bin/../lib/gcc/arm-none-eabi/12.2.1/thumb/v8-m.main+fp/hard\libc_nano.a(libc_a-memcpy-stub.o)
 .ARM.attributes
                0x00000a3a       0x38 c:/siliconlabs/simplicitystudio/v5/developer/toolchains/gnu_arm/12.2.rel1_2023.7/bin/../lib/gcc/arm-none-eabi/12.2.1/thumb/v8-m.main+fp/hard/crtend.o
 .ARM.attributes
                0x00000a72       0x26 c:/siliconlabs/simplicitystudio/v5/developer/toolchains/gnu_arm/12.2.rel1_2023.7/bin/../lib/gcc/arm-none-eabi/12.2.1/thumb/v8-m.main+fp/hard/crtn.o

.comment        0x00000000       0x45
 .comment       0x00000000       0x45 ./simplicity_sdk_2025.6.1/platform/Device/SiliconLabs/EFR32FG25/Source/startup_efr32fg25.o
                                 0x46 (size before relaxing)
 .comment       0x00000045       0x46 ./simplicity_sdk_2025.6.1/platform/Device/SiliconLabs/EFR32FG25/Source/system_efr32fg25.o
 .comment       0x00000045       0x46 ./simplicity_sdk_2025.6.1/platform/bootloader/core/btl_bootload.o
 .comment       0x00000045       0x46 ./simplicity_sdk_2025.6.1/platform/bootloader/core/btl_core.o
 .comment       0x00000045       0x46 ./simplicity_sdk_2025.6.1/platform/bootloader/core/btl_main.o
 .comment       0x00000045       0x46 ./simplicity_sdk_2025.6.1/platform/bootloader/core/btl_parse.o
 .comment       0x00000045       0x46 ./simplicity_sdk_2025.6.1/platform/bootloader/core/btl_reset.o
 .comment       0x00000045       0x46 ./simplicity_sdk_2025.6.1/platform/bootloader/core/flash/btl_internal_flash.o
 .comment       0x00000045       0x46 ./simplicity_sdk_2025.6.1/platform/bootloader/driver/btl_driver_delay.o
 .comment       0x00000045       0x46 ./simplicity_sdk_2025.6.1/platform/bootloader/driver/btl_driver_spi_controller_eusart.o
 .comment       0x00000045       0x46 ./simplicity_sdk_2025.6.1/platform/bootloader/driver/btl_driver_util.o
 .comment       0x00000045       0x46 ./simplicity_sdk_2025.6.1/platform/bootloader/parser/compression/btl_decompress_lz4.o
 .comment       0x00000045       0x46 ./simplicity_sdk_2025.6.1/platform/bootloader/parser/compression/btl_decompress_lzma.o
 .comment       0x00000045       0x46 ./simplicity_sdk_2025.6.1/platform/bootloader/parser/compression/lzma/LzmaDec.o
 .comment       0x00000045       0x46 ./simplicity_sdk_2025.6.1/platform/bootloader/parser/gbl/btl_gbl_custom_tags.o
 .comment       0x00000045       0x46 ./simplicity_sdk_2025.6.1/platform/bootloader/parser/gbl/btl_gbl_format.o
 .comment       0x00000045       0x46 ./simplicity_sdk_2025.6.1/platform/bootloader/parser/gbl/btl_gbl_parser.o
 .comment       0x00000045       0x46 ./simplicity_sdk_2025.6.1/platform/bootloader/security/btl_crc32.o
 .comment       0x00000045       0x46 ./simplicity_sdk_2025.6.1/platform/bootloader/security/btl_security_aes.o
 .comment       0x00000045       0x46 ./simplicity_sdk_2025.6.1/platform/bootloader/security/btl_security_ecdsa.o
 .comment       0x00000045       0x46 ./simplicity_sdk_2025.6.1/platform/bootloader/security/btl_security_sha256.o
 .comment       0x00000045       0x46 ./simplicity_sdk_2025.6.1/platform/bootloader/security/btl_security_tokens.o
 .comment       0x00000045       0x46 ./simplicity_sdk_2025.6.1/platform/bootloader/security/sha/btl_sha256.o
 .comment       0x00000045       0x46 ./simplicity_sdk_2025.6.1/platform/bootloader/security/sha/se_sha.o
 .comment       0x00000045       0x46 ./simplicity_sdk_2025.6.1/platform/bootloader/storage/bootloadinfo/btl_storage_bootloadinfo_single.o
 .comment       0x00000045       0x46 ./simplicity_sdk_2025.6.1/platform/bootloader/storage/btl_callbacks_stub.o
 .comment       0x00000045       0x46 ./simplicity_sdk_2025.6.1/platform/bootloader/storage/btl_storage.o
 .comment       0x00000045       0x46 ./simplicity_sdk_2025.6.1/platform/bootloader/storage/btl_storage_library.o
 .comment       0x00000045       0x46 ./simplicity_sdk_2025.6.1/platform/bootloader/storage/spiflash/btl_storage_spiflash.o
 .comment       0x00000045       0x46 ./simplicity_sdk_2025.6.1/platform/common/src/sl_core_cortexm.o
 .comment       0x00000045       0x46 ./simplicity_sdk_2025.6.1/platform/emlib/src/em_cmu.o
 .comment       0x00000045       0x46 ./simplicity_sdk_2025.6.1/platform/emlib/src/em_eusart.o
 .comment       0x00000045       0x46 ./simplicity_sdk_2025.6.1/platform/emlib/src/em_gpio.o
 .comment       0x00000045       0x46 ./simplicity_sdk_2025.6.1/platform/emlib/src/em_msc.o
 .comment       0x00000045       0x46 ./simplicity_sdk_2025.6.1/platform/security/sl_component/se_manager/src/sl_se_manager.o
 .comment       0x00000045       0x46 ./simplicity_sdk_2025.6.1/platform/security/sl_component/se_manager/src/sl_se_manager_util.o
 .comment       0x00000045       0x46 ./simplicity_sdk_2025.6.1/platform/security/sl_component/se_manager/src/sli_se_manager_mailbox.o
 .comment       0x00000045       0x46 ./simplicity_sdk_2025.6.1/platform/security/sl_component/sl_mbedtls_support/src/se_aes.o
 .comment       0x00000045       0x46 ./simplicity_sdk_2025.6.1/platform/service/memory_manager/src/sl_memory_manager_region.o

.debug_info     0x00000000    0x41859
 .debug_info    0x00000000      0xb44 ./simplicity_sdk_2025.6.1/platform/Device/SiliconLabs/EFR32FG25/Source/startup_efr32fg25.o
 .debug_info    0x00000b44     0x1aa1 ./simplicity_sdk_2025.6.1/platform/Device/SiliconLabs/EFR32FG25/Source/system_efr32fg25.o
 .debug_info    0x000025e5     0x321c ./simplicity_sdk_2025.6.1/platform/bootloader/core/btl_bootload.o
 .debug_info    0x00005801      0x123 ./simplicity_sdk_2025.6.1/platform/bootloader/core/btl_core.o
 .debug_info    0x00005924     0x3edc ./simplicity_sdk_2025.6.1/platform/bootloader/core/btl_main.o
 .debug_info    0x00009800      0xbfe ./simplicity_sdk_2025.6.1/platform/bootloader/core/btl_parse.o
 .debug_info    0x0000a3fe      0x767 ./simplicity_sdk_2025.6.1/platform/bootloader/core/btl_reset.o
 .debug_info    0x0000ab65     0x13b5 ./simplicity_sdk_2025.6.1/platform/bootloader/core/flash/btl_internal_flash.o
 .debug_info    0x0000bf1a     0x1a3f ./simplicity_sdk_2025.6.1/platform/bootloader/driver/btl_driver_delay.o
 .debug_info    0x0000d959     0x3662 ./simplicity_sdk_2025.6.1/platform/bootloader/driver/btl_driver_spi_controller_eusart.o
 .debug_info    0x00010fbb     0x11ec ./simplicity_sdk_2025.6.1/platform/bootloader/driver/btl_driver_util.o
 .debug_info    0x000121a7     0x17b8 ./simplicity_sdk_2025.6.1/platform/bootloader/parser/compression/btl_decompress_lz4.o
 .debug_info    0x0001395f      0xf50 ./simplicity_sdk_2025.6.1/platform/bootloader/parser/compression/btl_decompress_lzma.o
 .debug_info    0x000148af     0x19d4 ./simplicity_sdk_2025.6.1/platform/bootloader/parser/compression/lzma/LzmaDec.o
 .debug_info    0x00016283      0x76e ./simplicity_sdk_2025.6.1/platform/bootloader/parser/gbl/btl_gbl_custom_tags.o
 .debug_info    0x000169f1      0x264 ./simplicity_sdk_2025.6.1/platform/bootloader/parser/gbl/btl_gbl_format.o
 .debug_info    0x00016c55     0x2941 ./simplicity_sdk_2025.6.1/platform/bootloader/parser/gbl/btl_gbl_parser.o
 .debug_info    0x00019596     0x1307 ./simplicity_sdk_2025.6.1/platform/bootloader/security/btl_crc32.o
 .debug_info    0x0001a89d     0x15b2 ./simplicity_sdk_2025.6.1/platform/bootloader/security/btl_security_aes.o
 .debug_info    0x0001be4f     0x1372 ./simplicity_sdk_2025.6.1/platform/bootloader/security/btl_security_ecdsa.o
 .debug_info    0x0001d1c1     0x1297 ./simplicity_sdk_2025.6.1/platform/bootloader/security/btl_security_sha256.o
 .debug_info    0x0001e458     0x123d ./simplicity_sdk_2025.6.1/platform/bootloader/security/btl_security_tokens.o
 .debug_info    0x0001f695      0x8ef ./simplicity_sdk_2025.6.1/platform/bootloader/security/sha/btl_sha256.o
 .debug_info    0x0001ff84     0x1312 ./simplicity_sdk_2025.6.1/platform/bootloader/security/sha/se_sha.o
 .debug_info    0x00021296      0x1b3 ./simplicity_sdk_2025.6.1/platform/bootloader/storage/bootloadinfo/btl_storage_bootloadinfo_single.o
 .debug_info    0x00021449       0xab ./simplicity_sdk_2025.6.1/platform/bootloader/storage/btl_callbacks_stub.o
 .debug_info    0x000214f4     0x1224 ./simplicity_sdk_2025.6.1/platform/bootloader/storage/btl_storage.o
 .debug_info    0x00022718     0x1b65 ./simplicity_sdk_2025.6.1/platform/bootloader/storage/btl_storage_library.o
 .debug_info    0x0002427d      0xe40 ./simplicity_sdk_2025.6.1/platform/bootloader/storage/spiflash/btl_storage_spiflash.o
 .debug_info    0x000250bd      0x9d3 ./simplicity_sdk_2025.6.1/platform/common/src/sl_core_cortexm.o
 .debug_info    0x00025a90     0xa6d6 ./simplicity_sdk_2025.6.1/platform/emlib/src/em_cmu.o
 .debug_info    0x00030166     0x5a95 ./simplicity_sdk_2025.6.1/platform/emlib/src/em_eusart.o
 .debug_info    0x00035bfb     0x2a08 ./simplicity_sdk_2025.6.1/platform/emlib/src/em_gpio.o
 .debug_info    0x00038603     0x369b ./simplicity_sdk_2025.6.1/platform/emlib/src/em_msc.o
 .debug_info    0x0003bc9e     0x15f4 ./simplicity_sdk_2025.6.1/platform/security/sl_component/se_manager/src/sl_se_manager.o
 .debug_info    0x0003d292     0x34bf ./simplicity_sdk_2025.6.1/platform/security/sl_component/se_manager/src/sl_se_manager_util.o
 .debug_info    0x00040751      0x408 ./simplicity_sdk_2025.6.1/platform/security/sl_component/se_manager/src/sli_se_manager_mailbox.o
 .debug_info    0x00040b59      0xb1e ./simplicity_sdk_2025.6.1/platform/security/sl_component/sl_mbedtls_support/src/se_aes.o
 .debug_info    0x00041677      0x1bc ./simplicity_sdk_2025.6.1/platform/service/memory_manager/src/sl_memory_manager_region.o
 .debug_info    0x00041833       0x26 ./simplicity_sdk_2025.6.1/platform/service/udelay/src/sl_udelay_armv6m_gcc.o

.debug_abbrev   0x00000000     0x6851
 .debug_abbrev  0x00000000      0x281 ./simplicity_sdk_2025.6.1/platform/Device/SiliconLabs/EFR32FG25/Source/startup_efr32fg25.o
 .debug_abbrev  0x00000281      0x28d ./simplicity_sdk_2025.6.1/platform/Device/SiliconLabs/EFR32FG25/Source/system_efr32fg25.o
 .debug_abbrev  0x0000050e      0x4d3 ./simplicity_sdk_2025.6.1/platform/bootloader/core/btl_bootload.o
 .debug_abbrev  0x000009e1       0xa9 ./simplicity_sdk_2025.6.1/platform/bootloader/core/btl_core.o
 .debug_abbrev  0x00000a8a      0x539 ./simplicity_sdk_2025.6.1/platform/bootloader/core/btl_main.o
 .debug_abbrev  0x00000fc3      0x235 ./simplicity_sdk_2025.6.1/platform/bootloader/core/btl_parse.o
 .debug_abbrev  0x000011f8      0x210 ./simplicity_sdk_2025.6.1/platform/bootloader/core/btl_reset.o
 .debug_abbrev  0x00001408      0x1d5 ./simplicity_sdk_2025.6.1/platform/bootloader/core/flash/btl_internal_flash.o
 .debug_abbrev  0x000015dd      0x21e ./simplicity_sdk_2025.6.1/platform/bootloader/driver/btl_driver_delay.o
 .debug_abbrev  0x000017fb      0x2ec ./simplicity_sdk_2025.6.1/platform/bootloader/driver/btl_driver_spi_controller_eusart.o
 .debug_abbrev  0x00001ae7      0x101 ./simplicity_sdk_2025.6.1/platform/bootloader/driver/btl_driver_util.o
 .debug_abbrev  0x00001be8      0x399 ./simplicity_sdk_2025.6.1/platform/bootloader/parser/compression/btl_decompress_lz4.o
 .debug_abbrev  0x00001f81      0x3a4 ./simplicity_sdk_2025.6.1/platform/bootloader/parser/compression/btl_decompress_lzma.o
 .debug_abbrev  0x00002325      0x445 ./simplicity_sdk_2025.6.1/platform/bootloader/parser/compression/lzma/LzmaDec.o
 .debug_abbrev  0x0000276a      0x185 ./simplicity_sdk_2025.6.1/platform/bootloader/parser/gbl/btl_gbl_custom_tags.o
 .debug_abbrev  0x000028ef      0x10a ./simplicity_sdk_2025.6.1/platform/bootloader/parser/gbl/btl_gbl_format.o
 .debug_abbrev  0x000029f9      0x4ba ./simplicity_sdk_2025.6.1/platform/bootloader/parser/gbl/btl_gbl_parser.o
 .debug_abbrev  0x00002eb3       0xf2 ./simplicity_sdk_2025.6.1/platform/bootloader/security/btl_crc32.o
 .debug_abbrev  0x00002fa5      0x241 ./simplicity_sdk_2025.6.1/platform/bootloader/security/btl_security_aes.o
 .debug_abbrev  0x000031e6      0x1b0 ./simplicity_sdk_2025.6.1/platform/bootloader/security/btl_security_ecdsa.o
 .debug_abbrev  0x00003396      0x21b ./simplicity_sdk_2025.6.1/platform/bootloader/security/btl_security_sha256.o
 .debug_abbrev  0x000035b1      0x1bb ./simplicity_sdk_2025.6.1/platform/bootloader/security/btl_security_tokens.o
 .debug_abbrev  0x0000376c      0x29e ./simplicity_sdk_2025.6.1/platform/bootloader/security/sha/btl_sha256.o
 .debug_abbrev  0x00003a0a      0x1d3 ./simplicity_sdk_2025.6.1/platform/bootloader/security/sha/se_sha.o
 .debug_abbrev  0x00003bdd       0xe9 ./simplicity_sdk_2025.6.1/platform/bootloader/storage/bootloadinfo/btl_storage_bootloadinfo_single.o
 .debug_abbrev  0x00003cc6       0x60 ./simplicity_sdk_2025.6.1/platform/bootloader/storage/btl_callbacks_stub.o
 .debug_abbrev  0x00003d26      0x2bb ./simplicity_sdk_2025.6.1/platform/bootloader/storage/btl_storage.o
 .debug_abbrev  0x00003fe1      0x496 ./simplicity_sdk_2025.6.1/platform/bootloader/storage/btl_storage_library.o
 .debug_abbrev  0x00004477      0x331 ./simplicity_sdk_2025.6.1/platform/bootloader/storage/spiflash/btl_storage_spiflash.o
 .debug_abbrev  0x000047a8      0x27b ./simplicity_sdk_2025.6.1/platform/common/src/sl_core_cortexm.o
 .debug_abbrev  0x00004a23      0x574 ./simplicity_sdk_2025.6.1/platform/emlib/src/em_cmu.o
 .debug_abbrev  0x00004f97      0x464 ./simplicity_sdk_2025.6.1/platform/emlib/src/em_eusart.o
 .debug_abbrev  0x000053fb      0x37a ./simplicity_sdk_2025.6.1/platform/emlib/src/em_gpio.o
 .debug_abbrev  0x00005775      0x383 ./simplicity_sdk_2025.6.1/platform/emlib/src/em_msc.o
 .debug_abbrev  0x00005af8      0x39e ./simplicity_sdk_2025.6.1/platform/security/sl_component/se_manager/src/sl_se_manager.o
 .debug_abbrev  0x00005e96      0x3a2 ./simplicity_sdk_2025.6.1/platform/security/sl_component/se_manager/src/sl_se_manager_util.o
 .debug_abbrev  0x00006238      0x1db ./simplicity_sdk_2025.6.1/platform/security/sl_component/se_manager/src/sli_se_manager_mailbox.o
 .debug_abbrev  0x00006413      0x326 ./simplicity_sdk_2025.6.1/platform/security/sl_component/sl_mbedtls_support/src/se_aes.o
 .debug_abbrev  0x00006739      0x104 ./simplicity_sdk_2025.6.1/platform/service/memory_manager/src/sl_memory_manager_region.o
 .debug_abbrev  0x0000683d       0x14 ./simplicity_sdk_2025.6.1/platform/service/udelay/src/sl_udelay_armv6m_gcc.o

.debug_loc      0x00000000    0x143da
 .debug_loc     0x00000000       0x20 ./simplicity_sdk_2025.6.1/platform/Device/SiliconLabs/EFR32FG25/Source/startup_efr32fg25.o
 .debug_loc     0x00000020      0x347 ./simplicity_sdk_2025.6.1/platform/Device/SiliconLabs/EFR32FG25/Source/system_efr32fg25.o
 .debug_loc     0x00000367      0xd35 ./simplicity_sdk_2025.6.1/platform/bootloader/core/btl_bootload.o
 .debug_loc     0x0000109c      0x268 ./simplicity_sdk_2025.6.1/platform/bootloader/core/btl_main.o
 .debug_loc     0x00001304      0x28f ./simplicity_sdk_2025.6.1/platform/bootloader/core/btl_parse.o
 .debug_loc     0x00001593       0xca ./simplicity_sdk_2025.6.1/platform/bootloader/core/btl_reset.o